Archive member included to satisfy reference by file (symbol)

..\src\config\default\lib\lib-ieee802154_phy_pic32cxbz-v1.0.0.a(phy.o)
                              build/default/production/_ext/1006906113/phy_task.o (PHY_TaskHandler)
..\src\config\default\lib\lib-ieee802154_phy_pic32cxbz-v1.0.0.a(phy_ed.o)
                              build/default/production/_ext/297566330/app_p2p_phy.o (PHY_EdStart)
..\src\config\default\lib\lib-ieee802154_phy_pic32cxbz-v1.0.0.a(phy_helper.o)
                              build/default/production/_ext/767817240/app_phy_cmd_processor.o (PHY_ConfigRxSensitivity)
..\src\config\default\lib\lib-ieee802154_phy_pic32cxbz-v1.0.0.a(phy_init.o)
                              build/default/production/_ext/1171490990/initialization.o (PHY_Init)
..\src\config\default\lib\lib-ieee802154_phy_pic32cxbz-v1.0.0.a(phy_irq_handler.o)
                              ..\src\config\default\lib\lib-ieee802154_phy_pic32cxbz-v1.0.0.a(phy_init.o) (trx_irq_init)
..\src\config\default\lib\lib-ieee802154_phy_pic32cxbz-v1.0.0.a(phy_pib.o)
                              ..\src\config\default\lib\lib-ieee802154_phy_pic32cxbz-v1.0.0.a(phy_helper.o) (tx_pwr_table_mpalpa)
..\src\config\default\lib\lib-ieee802154_phy_pic32cxbz-v1.0.0.a(phy_pwr_mgmt.o)
                              build/default/production/_ext/767817240/app_phy_cmd_processor.o (PHY_TrxSleep)
..\src\config\default\lib\lib-ieee802154_phy_pic32cxbz-v1.0.0.a(phy_rx.o)
                              ..\src\config\default\lib\lib-ieee802154_phy_pic32cxbz-v1.0.0.a(phy_irq_handler.o) (handle_received_frame_irq)
..\src\config\default\lib\lib-ieee802154_phy_pic32cxbz-v1.0.0.a(phy_rx_enable.o)
                              build/default/production/_ext/297566330/app_p2p_phy.o (PHY_RxEnable)
..\src\config\default\lib\lib-ieee802154_phy_pic32cxbz-v1.0.0.a(phy_tx.o)
                              build/default/production/_ext/297566330/app_p2p_phy.o (PHY_TxFrame)
..\src\config\default\lib\lib-ieee802154_phy_pic32cxbz-v1.0.0.a(tfa.o)
                              build/default/production/_ext/767817240/app_phy_cmd_processor.o (PHY_CCAPerform)
..\src\config\default\driver\device_support\pic32cx_bz2_device_support.a(rf_system.o)
                              build/default/production/_ext/1360937237/app_idle_task.o (RF_NeedCal)
..\src\config\default\driver\device_support\pic32cx_bz2_device_support.a(info_block_plat.o)
                              ..\src\config\default\driver\device_support\pic32cx_bz2_device_support.a(rf_system.o) (IB_GetFactoryCalTemp)
..\src\config\default\driver\device_support\pic32cx_bz2_device_support.a(info_block.o)
                              ..\src\config\default\driver\device_support\pic32cx_bz2_device_support.a(rf_system.o) (InformationBlockLoad)
..\src\config\default\driver\device_support\pic32cx_bz2_device_support.a(pmu_dvr.o)
                              ..\src\config\default\driver\device_support\pic32cx_bz2_device_support.a(info_block_plat.o) (PMU_Write_Reg)
..\src\config\default\driver\device_support\pic32cx_bz2_device_support.a(rf.o)
                              ..\src\config\default\driver\device_support\pic32cx_bz2_device_support.a(rf_system.o) (RF_Write_Reg)
..\src\config\default\driver\pds\pds.a(wlPdsDataServer.o)
                              build/default/production/_ext/1360937237/app_idle_task.o (PDS_GetPendingItemsCount)
..\src\config\default\driver\pds\pds.a(wlPdsInit.o)
                              build/default/production/_ext/1171490990/initialization.o (PDS_Init)
..\src\config\default\driver\pds\pds.a(D_Nv.o)
                              ..\src\config\default\driver\pds\pds.a(wlPdsInit.o) (D_Nv_Init)
..\src\config\default\driver\pds\pds.a(S_Nv-Chimera.o)
                              ..\src\config\default\driver\pds\pds.a(wlPdsInit.o) (S_Nv_Init)
c:/program files/microchip/xc32/v4.20/bin/bin/../../lib/gcc/pic32c/8.3.1/../../../../pic32c/lib/thumb/v7e-m+fp/hard\libpic32c.a(data_init_wrapper.o)
                              build/default/production/_ext/1171490990/startup_xc32.o (__pic32c_data_initialization)
c:/program files/microchip/xc32/v4.20/bin/bin/../../lib/gcc/pic32c/8.3.1/../../../../pic32c/lib/thumb/v7e-m+fp/hard\libpic32c.a(data_init_0_1.o)
                              c:/program files/microchip/xc32/v4.20/bin/bin/../../lib/gcc/pic32c/8.3.1/../../../../pic32c/lib/thumb/v7e-m+fp/hard\libpic32c.a(data_init_wrapper.o) (__pic32c_data_initialization_impl)
c:/program files/microchip/xc32/v4.20/bin/bin/../../lib/gcc/pic32c/8.3.1/../../../../pic32c/lib/thumb/v7e-m+fp/hard\libm-emfloat.a(round.o)
                              ..\src\config\default\driver\device_support\pic32cx_bz2_device_support.a(rf_system.o) (round)
c:/program files/microchip/xc32/v4.20/bin/bin/../../lib/gcc/pic32c/8.3.1/../../../../pic32c/lib/thumb/v7e-m+fp/hard\libm-emfloat.a(pow.o)
                              ..\src\config\default\driver\device_support\pic32cx_bz2_device_support.a(rf_system.o) (pow)
[...]
Memory Configuration

Name             Origin             Length             Attributes
boot_rom         0x00000000         0x00005e00         xrl
pds              0x01000000         0x00004000         xr
rom              0x01004000         0x000fc000         xrl
ram              0x20000000         0x00020000         xw !r
bkupram          0x44014000         0x00002000
config_00045F80  0x00045f80         0x00000004
config_00045E80  0x00045e80         0x00000004
config_00045F84  0x00045f84         0x00000004
config_00045F88  0x00045f88         0x00000004
config_00045E8C  0x00045e8c         0x00000004
config_00045E90  0x00045e90         0x00000004
config_00045E98  0x00045e98         0x00000004
config_00045E94  0x00045e94         0x00000004
config_00045F98  0x00045f98         0x00000004
config_00045E84  0x00045e84         0x00000004
config_00045E9C  0x00045e9c         0x00000004
config_00045EB0  0x00045eb0         0x00000004
config_00045F9C  0x00045f9c         0x00000004
config_00045FB0  0x00045fb0         0x00000004
config_00045E88  0x00045e88         0x00000004
config_00045EB4  0x00045eb4         0x00000004
config_00045FB8  0x00045fb8         0x00000004
config_00045FB4  0x00045fb4         0x00000004
config_00045FBC  0x00045fbc         0x00000004
config_00045F8C  0x00045f8c         0x00000004
config_00045EB8  0x00045eb8         0x00000004
config_00045F90  0x00045f90         0x00000004
config_00045EBC  0x00045ebc         0x00000004
config_00045F94  0x00045f94         0x00000004
*default*        0x00000000         0xffffffff

Linker script and memory map

LOAD c:/program files/microchip/xc32/v4.20/bin/bin/../../lib/gcc/pic32c/8.3.1/thumb/v7e-m+fp/hard/crti.o
LOAD c:/program files/microchip/xc32/v4.20/bin/bin/../../lib/gcc/pic32c/8.3.1/thumb/v7e-m+fp/hard/crtbegin.o
LOAD build/default/production/_ext/1006906113/phy_ed_end_cb.o
LOAD build/default/production/_ext/1171490990/initialization.o
LOAD build/default/production/_ext/1832805299/sys_console.o
LOAD build/default/production/_ext/297566330/app_p2p_phy.o
LOAD build/default/production/_ext/1986646378/plib_evsys.o
LOAD build/default/production/_ext/1171490990/interrupts.o
LOAD build/default/production/_ext/404212886/stream_buffer.o
LOAD build/default/production/_ext/1682558732/bmm.o
LOAD build/default/production/_ext/1171490990/libc_syscalls.o
LOAD build/default/production/_ext/60165520/plib_clk.o
LOAD build/default/production/_ext/404212886/queue.o
LOAD build/default/production/_ext/246609638/port.o
LOAD build/default/production/_ext/1665200909/heap_4.o
LOAD build/default/production/_ext/1865468468/plib_nvic.o
LOAD build/default/production/_ext/767817240/app_phy_cmd_processor.o
LOAD build/default/production/_ext/404212886/FreeRTOS_tasks.o
LOAD build/default/production/_ext/1832805299/sys_console_uart.o
LOAD build/default/production/_ext/794496283/pal.o
LOAD build/default/production/_ext/829342655/plib_tc0.o
LOAD build/default/production/_ext/637565607/qmm.o
LOAD build/default/production/_ext/1014039709/sys_cache.o
LOAD build/default/production/_ext/404212886/timers.o
LOAD build/default/production/_ext/1881668453/sys_int.o
LOAD build/default/production/_ext/1865131932/plib_cmcc.o
LOAD build/default/production/_ext/1000052432/sys_reset.o
LOAD build/default/production/_ext/404212886/list.o
LOAD build/default/production/_ext/1360937237/main.o
LOAD build/default/production/_ext/1529399856/osal_freertos_extend.o
LOAD build/default/production/_ext/1006906113/phy_tx_frame_done_cb.o
LOAD build/default/production/_ext/1006906113/phy_task.o
LOAD build/default/production/_ext/1006906113/phy_rx_frame_cb.o
LOAD build/default/production/_ext/1360937237/app_idle_task.o
LOAD build/default/production/_ext/1360937237/app_user_edits.o
LOAD build/default/production/_ext/1171490990/freertos_hooks.o
LOAD build/default/production/_ext/1865254177/plib_gpio.o
LOAD build/default/production/_ext/1171490990/tasks.o
LOAD build/default/production/_ext/1529399856/osal_freertos.o
LOAD build/default/production/_ext/404212886/event_groups.o
LOAD build/default/production/_ext/60176403/plib_nvm.o
LOAD build/default/production/_ext/1360937237/app.o
LOAD build/default/production/_ext/163028504/xc32_monitor.o
LOAD build/default/production/_ext/504274921/plib_sercom0_usart.o
LOAD build/default/production/_ext/1171490990/startup_xc32.o
LOAD build/default/production/_ext/101884895/sys_time.o
LOAD build/default/production/_ext/404212886/croutine.o
LOAD build/default/production/_ext/1376093119/sys_command.o
LOAD build/default/production/_ext/1171490990/exceptions.o
LOAD ..\src\config\default\lib\lib-ieee802154_phy_pic32cxbz-v1.0.0.a
LOAD ..\src\config\default\driver\device_support\pic32cx_bz2_device_support.a
LOAD ..\src\config\default\driver\pds\pds.a
                0x00000001                __MPLAB_BUILD = 0x1

.bkupram_data
 *(.bkupram_data .bkupram_data.*)

.bkupram_bss
 *(.bkupram_bss .bkupram_bss.*)
 *(.pbss .pbss.*)
                0x01100000                __rom_end = (ORIGIN (rom) + LENGTH (rom))
                0x20020000                __ram_end = (ORIGIN (ram) + LENGTH (ram))

.config_00045F80
 *(.config_00045F80)

.config_00045E80
 *(.config_00045E80)

.config_00045F84
 *(.config_00045F84)

.config_00045F88
 *(.config_00045F88)

.config_00045E8C
 *(.config_00045E8C)

.config_00045E90
 *(.config_00045E90)

.config_00045E98
 *(.config_00045E98)

.config_00045E94
 *(.config_00045E94)

.config_00045F98
 *(.config_00045F98)

.config_00045E84
 *(.config_00045E84)

.config_00045E9C
 *(.config_00045E9C)

.config_00045EB0
 *(.config_00045EB0)

.config_00045F9C
 *(.config_00045F9C)

.config_00045FB0
 *(.config_00045FB0)

.config_00045E88
 *(.config_00045E88)

.config_00045EB4
 *(.config_00045EB4)

.config_00045FB8
 *(.config_00045FB8)

.config_00045FB4
 *(.config_00045FB4)

.config_00045FBC
 *(.config_00045FBC)

.config_00045F8C
 *(.config_00045F8C)

.config_00045EB8
 *(.config_00045EB8)

.config_00045F90
 *(.config_00045F90)

.config_00045EBC
 *(.config_00045EBC)

.config_00045F94
 *(.config_00045F94)

.vectors        0x00000000       0xe0
                0x00000000                . = ALIGN (0x4)
                0x00000000                _sfixed = .
 *(.vectors .vectors.* .vectors_default .vectors_default.*)
 .vectors.exception_table
                0x00000000       0xe0 build/default/production/_ext/1171490990/interrupts.o
                0x00000000                exception_table
 *(.isr_vector)
 *(.reset*)
 *(.after_vectors)

.dnvMem         0x01000000        0x0
                0x01000000                __d_nv_mem_start = .
                0x01004000                __d_nv_mem_end = (ORIGIN (pds) + LENGTH (pds))

.text           0x01004000       0x20
                0x01004000                PROVIDE (__pds_ff_start = .)
 *(.pds_ff .pds_ff.*)
                [!provide]                PROVIDE (__pds_ff_end = .)
                0x01004000                PROVIDE (__pds_fd_start = .)
 *(.pds_fd .pds_fd.*)
                [!provide]                PROVIDE (__pds_fd_end = .)
                0x01004000                . = ALIGN (0x4)
 *(.glue_7t)
 .glue_7t       0x01004000        0x0 linker stubs
 *(.glue_7)
 .glue_7        0x01004000        0x0 linker stubs
 *(.gnu.linkonce.r.*)
 *(.ARM.extab* .gnu.linkonce.armextab.*)
                0x01004000                . = ALIGN (0x4)
 *(.init)
 .init          0x01004000        0x4 c:/program files/microchip/xc32/v4.20/bin/bin/../../lib/gcc/pic32c/8.3.1/thumb/v7e-m+fp/hard/crti.o
                0x01004000                _init
 .init          0x01004004        0x8 c:/program files/microchip/xc32/v4.20/bin/bin/../../lib/gcc/pic32c/8.3.1/thumb/v7e-m+fp/hard/crtn.o
                0x0100400c                . = ALIGN (0x4)
                0x0100400c                __preinit_array_start = .
 *(.preinit_array)
                0x0100400c                __preinit_array_end = .
                0x0100400c                . = ALIGN (0x4)
                0x0100400c                __init_array_start = .
 *(SORT_BY_NAME(.init_array.*))
 *(.init_array)
 .init_array    0x0100400c        0x4 c:/program files/microchip/xc32/v4.20/bin/bin/../../lib/gcc/pic32c/8.3.1/thumb/v7e-m+fp/hard/crtbegin.o
                0x01004010                __init_array_end = .
                0x01004010                . = ALIGN (0x4)
 *crtbegin.o(.ctors)
 *(EXCLUDE_FILE(*crtend.o) .ctors)
 *(SORT_BY_NAME(.ctors.*))
 *crtend.o(.ctors)
                0x01004010                . = ALIGN (0x4)
 *(.fini)
 .fini          0x01004010        0x4 c:/program files/microchip/xc32/v4.20/bin/bin/../../lib/gcc/pic32c/8.3.1/thumb/v7e-m+fp/hard/crti.o
                0x01004010                _fini
 .fini          0x01004014        0x8 c:/program files/microchip/xc32/v4.20/bin/bin/../../lib/gcc/pic32c/8.3.1/thumb/v7e-m+fp/hard/crtn.o
                0x0100401c                . = ALIGN (0x4)
                0x0100401c                __fini_array_start = .
 *(.fini_array)
 .fini_array    0x0100401c        0x4 c:/program files/microchip/xc32/v4.20/bin/bin/../../lib/gcc/pic32c/8.3.1/thumb/v7e-m+fp/hard/crtbegin.o
 *(SORT_BY_NAME(.fini_array.*))
                0x01004020                __fini_array_end = .
 *crtbegin.o(.dtors)
 *(EXCLUDE_FILE(*crtend.o) .dtors)
 *(SORT_BY_NAME(.dtors.*))
 *crtend.o(.dtors)
                0x01004020                . = ALIGN (0x4)
                0x01004020                _efixed = .
                [!provide]                PROVIDE (__exidx_start = .)

.ARM.exidx      0x01004020        0x8
 *(.ARM.exidx* .gnu.linkonce.armexidx.*)
 .ARM.exidx     0x01004020        0x8 c:/program files/microchip/xc32/v4.20/bin/bin/../../lib/gcc/pic32c/8.3.1/thumb/v7e-m+fp/hard\libgcc.a(_udivmoddi4.o)
                [!provide]                PROVIDE (__exidx_end = .)
                0x01004028                . = ALIGN (0x4)
                0x01004028                _etext = .

.bss            0x20000000      0xb14
                0x20000000                . = ALIGN (0x4)
                0x20000000                __bss_start__ = .
                0x20000000                _sbss = .
                0x20000000                _szero = .
 *(COMMON)
 COMMON         0x20000000       0x50 build/default/production/_ext/1171490990/initialization.o
                0x20000000                semPhyInternalHandler
                0x20000004                sysObj
                0x2000000c                osalAPIList
 COMMON         0x20000050      0xa78 build/default/production/_ext/297566330/app_p2p_phy.o
                0x20000050                dataModeTimerStartFlag
                0x20000058                appNwkParam
                0x200000c8                deviceTable
 COMMON         0x20000ac8       0x23 build/default/production/_ext/767817240/app_phy_cmd_processor.o
                0x20000ac8                sysTimerFlag
                0x20000ae4                modeSwitchFlag
 *fill*         0x20000aeb        0x1 
 COMMON         0x20000aec        0xc build/default/production/_ext/1171490990/tasks.o
                0x20000aec                xPHY_Tasks
                0x20000af0                xAPP_Tasks
                0x20000af4                xSYS_CMD_Tasks
 COMMON         0x20000af8        0x8 build/default/production/_ext/1360937237/app.o
                0x20000af8                appData
 COMMON         0x20000b00       0x11 ..\src\config\default\driver\device_support\pic32cx_bz2_device_support.a(rf_system.o)
                0x20000b00                g_validFactoryCalTemp
                0x20000b02                g_lastTemperatureDegreeC
                0x20000b04                g_vrefComp
                0x20000b08                g_lastCalTime
                0x20000b0c                g_currentTime
                0x20000b10                g_needCal
                0x20000b14                . = ALIGN (0x4)
 *fill*         0x20000b11        0x3 
                0x20000b14                __bss_end__ = .
                0x20000b14                _ebss = .
                0x20000b14                _ezero = .
                0x20000b14                . = ALIGN (0x4)
                0x20000b14                _end = .
                0x2001ffff                _ram_end_ = ((ORIGIN (ram) + LENGTH (ram)) - 0x1)
                0x00000400                _min_heap_size = 0x400
START GROUP
LOAD c:/program files/microchip/xc32/v4.20/bin/bin/../../lib/gcc/pic32c/8.3.1/../../../../pic32c/lib/thumb/v7e-m+fp/hard\libpic32c.a
LOAD c:/program files/microchip/xc32/v4.20/bin/bin/../../lib/gcc/pic32c/8.3.1/../../../../pic32c/lib/thumb/v7e-m+fp/hard\libm-emfloat.a
LOAD c:/program files/microchip/xc32/v4.20/bin/bin/../../lib/gcc/pic32c/8.3.1/../../../../pic32c/lib/thumb/v7e-m+fp/hard\libc-musl.a
LOAD c:/program files/microchip/xc32/v4.20/bin/bin/../../lib/gcc/pic32c/8.3.1/../../../../pic32c/lib/thumb/v7e-m+fp/hard\libm-emfloat.a
LOAD c:/program files/microchip/xc32/v4.20/bin/bin/../../lib/gcc/pic32c/8.3.1/thumb/v7e-m+fp/hard\libgcc.a
END GROUP
LOAD c:/program files/microchip/xc32/v4.20/bin/bin/../../lib/gcc/pic32c/8.3.1/thumb/v7e-m+fp/hard/crtend.o
LOAD c:/program files/microchip/xc32/v4.20/bin/bin/../../lib/gcc/pic32c/8.3.1/thumb/v7e-m+fp/hard/crtn.o
OUTPUT(dist/default/production/IEEE_802_15_4_P2P_Phy_App.X.production.elf elf32-littlearm)
LOAD stack
LOAD data_init

.ARM.attributes
                0x00000000       0x32
 .ARM.attributes
                0x00000000       0x1e c:/program files/microchip/xc32/v4.20/bin/bin/../../lib/gcc/pic32c/8.3.1/thumb/v7e-m+fp/hard/crti.o
 .ARM.attributes
                0x0000001e       0x34 c:/program files/microchip/xc32/v4.20/bin/bin/../../lib/gcc/pic32c/8.3.1/thumb/v7e-m+fp/hard/crtbegin.o
 .ARM.attributes
                0x00000052       0x34 build/default/production/_ext/1006906113/phy_ed_end_cb.o
 .ARM.attributes
                0x00000086       0x34 build/default/production/_ext/1171490990/initialization.o
 .ARM.attributes
                0x000000ba       0x34 build/default/production/_ext/1832805299/sys_console.o
 .ARM.attributes
                0x000000ee       0x34 build/default/production/_ext/297566330/app_p2p_phy.o
 .ARM.attributes
                0x00000122       0x34 build/default/production/_ext/1986646378/plib_evsys.o
 .ARM.attributes
                0x00000156       0x34 build/default/production/_ext/1171490990/interrupts.o
 .ARM.attributes
                0x0000018a       0x34 build/default/production/_ext/1682558732/bmm.o
 .ARM.attributes
                0x000001be       0x34 build/default/production/_ext/60165520/plib_clk.o
 .ARM.attributes
                0x000001f2       0x34 build/default/production/_ext/404212886/queue.o
 .ARM.attributes
                0x00000226       0x34 build/default/production/_ext/246609638/port.o
 .ARM.attributes
                0x0000025a       0x34 build/default/production/_ext/1665200909/heap_4.o
 .ARM.attributes
                0x0000028e       0x34 build/default/production/_ext/1865468468/plib_nvic.o
 .ARM.attributes
                0x000002c2       0x34 build/default/production/_ext/767817240/app_phy_cmd_processor.o
 .ARM.attributes
                0x000002f6       0x34 build/default/production/_ext/404212886/FreeRTOS_tasks.o
 .ARM.attributes
                0x0000032a       0x34 build/default/production/_ext/1832805299/sys_console_uart.o
 .ARM.attributes
                0x0000035e       0x34 build/default/production/_ext/794496283/pal.o
 .ARM.attributes
                0x00000392       0x34 build/default/production/_ext/829342655/plib_tc0.o
 .ARM.attributes
                0x000003c6       0x34 build/default/production/_ext/637565607/qmm.o
 .ARM.attributes
                0x000003fa       0x34 build/default/production/_ext/1881668453/sys_int.o
 .ARM.attributes
                0x0000042e       0x34 build/default/production/_ext/1000052432/sys_reset.o
 .ARM.attributes
                0x00000462       0x34 build/default/production/_ext/404212886/list.o
 .ARM.attributes
                0x00000496       0x34 build/default/production/_ext/1360937237/main.o
 .ARM.attributes
                0x000004ca       0x34 build/default/production/_ext/1529399856/osal_freertos_extend.o
 .ARM.attributes
                0x000004fe       0x34 build/default/production/_ext/1006906113/phy_task.o
 .ARM.attributes
                0x00000532       0x34 build/default/production/_ext/1360937237/app_idle_task.o
 .ARM.attributes
                0x00000566       0x34 build/default/production/_ext/1171490990/freertos_hooks.o
 .ARM.attributes
                0x0000059a       0x34 build/default/production/_ext/1865254177/plib_gpio.o
 .ARM.attributes
                0x000005ce       0x34 build/default/production/_ext/1171490990/tasks.o
 .ARM.attributes
                0x00000602       0x34 build/default/production/_ext/1529399856/osal_freertos.o
 .ARM.attributes
                0x00000636       0x34 build/default/production/_ext/60176403/plib_nvm.o
 .ARM.attributes
                0x0000066a       0x34 build/default/production/_ext/1360937237/app.o
 .ARM.attributes
                0x0000069e       0x34 build/default/production/_ext/504274921/plib_sercom0_usart.o
 .ARM.attributes
                0x000006d2       0x34 build/default/production/_ext/1171490990/startup_xc32.o
 .ARM.attributes
                0x00000706       0x34 build/default/production/_ext/101884895/sys_time.o
 .ARM.attributes
                0x0000073a       0x34 build/default/production/_ext/1376093119/sys_command.o
 .ARM.attributes
                0x0000076e       0x34 build/default/production/_ext/1171490990/exceptions.o
 .ARM.attributes
                0x000007a2       0x34 ..\src\config\default\lib\lib-ieee802154_phy_pic32cxbz-v1.0.0.a(phy.o)
 .ARM.attributes
                0x000007d6       0x34 ..\src\config\default\lib\lib-ieee802154_phy_pic32cxbz-v1.0.0.a(phy_ed.o)
 .ARM.attributes
                0x0000080a       0x34 ..\src\config\default\lib\lib-ieee802154_phy_pic32cxbz-v1.0.0.a(phy_helper.o)
 .ARM.attributes
                0x0000083e       0x34 ..\src\config\default\lib\lib-ieee802154_phy_pic32cxbz-v1.0.0.a(phy_init.o)
 .ARM.attributes
                0x00000872       0x34 ..\src\config\default\lib\lib-ieee802154_phy_pic32cxbz-v1.0.0.a(phy_irq_handler.o)
 .ARM.attributes
                0x000008a6       0x34 ..\src\config\default\lib\lib-ieee802154_phy_pic32cxbz-v1.0.0.a(phy_pib.o)
 .ARM.attributes
                0x000008da       0x34 ..\src\config\default\lib\lib-ieee802154_phy_pic32cxbz-v1.0.0.a(phy_pwr_mgmt.o)
 .ARM.attributes
                0x0000090e       0x34 ..\src\config\default\lib\lib-ieee802154_phy_pic32cxbz-v1.0.0.a(phy_rx.o)
 .ARM.attributes
                0x00000942       0x34 ..\src\config\default\lib\lib-ieee802154_phy_pic32cxbz-v1.0.0.a(phy_rx_enable.o)
 .ARM.attributes
                0x00000976       0x34 ..\src\config\default\lib\lib-ieee802154_phy_pic32cxbz-v1.0.0.a(phy_tx.o)
 .ARM.attributes
                0x000009aa       0x34 ..\src\config\default\lib\lib-ieee802154_phy_pic32cxbz-v1.0.0.a(tfa.o)
 .ARM.attributes
                0x000009de       0x34 ..\src\config\default\driver\device_support\pic32cx_bz2_device_support.a(rf_system.o)
 .ARM.attributes
                0x00000a12       0x34 ..\src\config\default\driver\device_support\pic32cx_bz2_device_support.a(info_block_plat.o)
 .ARM.attributes
                0x00000a46       0x34 ..\src\config\default\driver\device_support\pic32cx_bz2_device_support.a(info_block.o)
 .ARM.attributes
                0x00000a7a       0x34 ..\src\config\default\driver\device_support\pic32cx_bz2_device_support.a(pmu_dvr.o)
 .ARM.attributes
                0x00000aae       0x34 ..\src\config\default\driver\device_support\pic32cx_bz2_device_support.a(rf.o)
 .ARM.attributes
                0x00000ae2       0x34 ..\src\config\default\driver\pds\pds.a(wlPdsDataServer.o)
 .ARM.attributes
                0x00000b16       0x34 ..\src\config\default\driver\pds\pds.a(wlPdsInit.o)
 .ARM.attributes
                0x00000b4a       0x34 ..\src\config\default\driver\pds\pds.a(D_Nv.o)
 .ARM.attributes
                0x00000b7e       0x34 ..\src\config\default\driver\pds\pds.a(S_Nv-Chimera.o)
 .ARM.attributes
                0x00000bb2       0x34 c:/program files/microchip/xc32/v4.20/bin/bin/../../lib/gcc/pic32c/8.3.1/../../../../pic32c/lib/thumb/v7e-m+fp/hard\libpic32c.a(data_init_wrapper.o)
 .ARM.attributes
                0x00000be6       0x34 c:/program files/microchip/xc32/v4.20/bin/bin/../../lib/gcc/pic32c/8.3.1/../../../../pic32c/lib/thumb/v7e-m+fp/hard\libpic32c.a(data_init_0_1.o)
 .ARM.attributes
                0x00000c1a       0x34 c:/program files/microchip/xc32/v4.20/bin/bin/../../lib/gcc/pic32c/8.3.1/../../../../pic32c/lib/thumb/v7e-m+fp/hard\libm-emfloat.a(round.o)
 .ARM.attributes
                0x00000c4e       0x34 c:/program files/microchip/xc32/v4.20/bin/bin/../../lib/gcc/pic32c/8.3.1/../../../../pic32c/lib/thumb/v7e-m+fp/hard\libm-emfloat.a(pow.o)
 .ARM.attributes
                0x00000c82       0x20 c:/program files/microchip/xc32/v4.20/bin/bin/../../lib/gcc/pic32c/8.3.1/../../../../pic32c/lib/thumb/v7e-m+fp/hard\libm-emfloat.a(__aeabi_dadd.o)
 .ARM.attributes
                0x00000ca2       0x20 c:/program files/microchip/xc32/v4.20/bin/bin/../../lib/gcc/pic32c/8.3.1/../../../../pic32c/lib/thumb/v7e-m+fp/hard\libm-emfloat.a(__aeabi_dsub.o)
 .ARM.attributes
                0x00000cc2       0x20 c:/program files/microchip/xc32/v4.20/bin/bin/../../lib/gcc/pic32c/8.3.1/../../../../pic32c/lib/thumb/v7e-m+fp/hard\libm-emfloat.a(__aeabi_dmul.o)
 .ARM.attributes
                0x00000ce2       0x20 c:/program files/microchip/xc32/v4.20/bin/bin/../../lib/gcc/pic32c/8.3.1/../../../../pic32c/lib/thumb/v7e-m+fp/hard\libm-emfloat.a(__aeabi_ddiv.o)
 .ARM.attributes
                0x00000d02       0x20 c:/program files/microchip/xc32/v4.20/bin/bin/../../lib/gcc/pic32c/8.3.1/../../../../pic32c/lib/thumb/v7e-m+fp/hard\libm-emfloat.a(__aeabi_dcmpeq.o)
 .ARM.attributes
                0x00000d22       0x20 c:/program files/microchip/xc32/v4.20/bin/bin/../../lib/gcc/pic32c/8.3.1/../../../../pic32c/lib/thumb/v7e-m+fp/hard\libm-emfloat.a(__aeabi_dcmplt.o)
 .ARM.attributes
                0x00000d42       0x20 c:/program files/microchip/xc32/v4.20/bin/bin/../../lib/gcc/pic32c/8.3.1/../../../../pic32c/lib/thumb/v7e-m+fp/hard\libm-emfloat.a(__aeabi_d2iz.o)
 .ARM.attributes
                0x00000d62       0x20 c:/program files/microchip/xc32/v4.20/bin/bin/../../lib/gcc/pic32c/8.3.1/../../../../pic32c/lib/thumb/v7e-m+fp/hard\libm-emfloat.a(__aeabi_d2uiz.o)
 .ARM.attributes
                0x00000d82       0x20 c:/program files/microchip/xc32/v4.20/bin/bin/../../lib/gcc/pic32c/8.3.1/../../../../pic32c/lib/thumb/v7e-m+fp/hard\libm-emfloat.a(__aeabi_i2d.o)
 .ARM.attributes
                0x00000da2       0x20 c:/program files/microchip/xc32/v4.20/bin/bin/../../lib/gcc/pic32c/8.3.1/../../../../pic32c/lib/thumb/v7e-m+fp/hard\libm-emfloat.a(__aeabi_ul2d.o)
 .ARM.attributes
                0x00000dc2       0x20 c:/program files/microchip/xc32/v4.20/bin/bin/../../lib/gcc/pic32c/8.3.1/../../../../pic32c/lib/thumb/v7e-m+fp/hard\libm-emfloat.a(__aeabi_f2d.o)
 .ARM.attributes
                0x00000de2       0x34 c:/program files/microchip/xc32/v4.20/bin/bin/../../lib/gcc/pic32c/8.3.1/../../../../pic32c/lib/thumb/v7e-m+fp/hard\libm-emfloat.a(log.o)
 .ARM.attributes
                0x00000e16       0x34 c:/program files/microchip/xc32/v4.20/bin/bin/../../lib/gcc/pic32c/8.3.1/../../../../pic32c/lib/thumb/v7e-m+fp/hard\libm-emfloat.a(exp.o)
 .ARM.attributes
                0x00000e4a       0x34 c:/program files/microchip/xc32/v4.20/bin/bin/../../lib/gcc/pic32c/8.3.1/../../../../pic32c/lib/thumb/v7e-m+fp/hard\libm-emfloat.a(__SEGGER_RTL_float64_Log.o)
 .ARM.attributes
                0x00000e7e       0x34 c:/program files/microchip/xc32/v4.20/bin/bin/../../lib/gcc/pic32c/8.3.1/../../../../pic32c/lib/thumb/v7e-m+fp/hard\libm-emfloat.a(__SEGGER_RTL_float64_PolyEvalP.o)
 .ARM.attributes
                0x00000eb2       0x34 c:/program files/microchip/xc32/v4.20/bin/bin/../../lib/gcc/pic32c/8.3.1/../../../../pic32c/lib/thumb/v7e-m+fp/hard\libm-emfloat.a(__SEGGER_RTL_float64_PolyEvalQ.o)
 .ARM.attributes
                0x00000ee6       0x34 c:/program files/microchip/xc32/v4.20/bin/bin/../../lib/gcc/pic32c/8.3.1/../../../../pic32c/lib/thumb/v7e-m+fp/hard\libm-emfloat.a(ldexp.o)
 .ARM.attributes
                0x00000f1a       0x34 c:/program files/microchip/xc32/v4.20/bin/bin/../../lib/gcc/pic32c/8.3.1/../../../../pic32c/lib/thumb/v7e-m+fp/hard\libm-emfloat.a(frexp.o)
 .ARM.attributes
                0x00000f4e       0x36 c:/program files/microchip/xc32/v4.20/bin/bin/../../lib/gcc/pic32c/8.3.1/../../../../pic32c/lib/thumb/v7e-m+fp/hard\libc-musl.a(__libc_start_main.o)
 .ARM.attributes
                0x00000f84       0x34 c:/program files/microchip/xc32/v4.20/bin/bin/../../lib/gcc/pic32c/8.3.1/../../../../pic32c/lib/thumb/v7e-m+fp/hard\libc-musl.a(__errno_location.o)
 .ARM.attributes
                0x00000fb8       0x34 c:/program files/microchip/xc32/v4.20/bin/bin/../../lib/gcc/pic32c/8.3.1/../../../../pic32c/lib/thumb/v7e-m+fp/hard\libc-musl.a(libc.o)
 .ARM.attributes
                0x00000fec       0x36 c:/program files/microchip/xc32/v4.20/bin/bin/../../lib/gcc/pic32c/8.3.1/../../../../pic32c/lib/thumb/v7e-m+fp/hard\libc-musl.a(malloc.o)
 .ARM.attributes
                0x00001022       0x36 c:/program files/microchip/xc32/v4.20/bin/bin/../../lib/gcc/pic32c/8.3.1/../../../../pic32c/lib/thumb/v7e-m+fp/hard\libc-musl.a(rand.o)
 .ARM.attributes
                0x00001058       0x36 c:/program files/microchip/xc32/v4.20/bin/bin/../../lib/gcc/pic32c/8.3.1/../../../../pic32c/lib/thumb/v7e-m+fp/hard\libc-musl.a(vsnprintf.o)
 .ARM.attributes
                0x0000108e       0x36 c:/program files/microchip/xc32/v4.20/bin/bin/../../lib/gcc/pic32c/8.3.1/../../../../pic32c/lib/thumb/v7e-m+fp/hard\libc-musl.a(sprintf.o)
 .ARM.attributes
                0x000010c4       0x36 c:/program files/microchip/xc32/v4.20/bin/bin/../../lib/gcc/pic32c/8.3.1/../../../../pic32c/lib/thumb/v7e-m+fp/hard\libc-musl.a(vsprintf.o)
 .ARM.attributes
                0x000010fa       0x36 c:/program files/microchip/xc32/v4.20/bin/bin/../../lib/gcc/pic32c/8.3.1/../../../../pic32c/lib/thumb/v7e-m+fp/hard\libc-musl.a(strtol.o)
 .ARM.attributes
                0x00001130       0x36 c:/program files/microchip/xc32/v4.20/bin/bin/../../lib/gcc/pic32c/8.3.1/../../../../pic32c/lib/thumb/v7e-m+fp/hard\libc-musl.a(memcmp.o)
 .ARM.attributes
                0x00001166       0x36 c:/program files/microchip/xc32/v4.20/bin/bin/../../lib/gcc/pic32c/8.3.1/../../../../pic32c/lib/thumb/v7e-m+fp/hard\libc-musl.a(memcpy.o)
 .ARM.attributes
                0x0000119c       0x36 c:/program files/microchip/xc32/v4.20/bin/bin/../../lib/gcc/pic32c/8.3.1/../../../../pic32c/lib/thumb/v7e-m+fp/hard\libc-musl.a(memset.o)
 .ARM.attributes
                0x000011d2       0x36 c:/program files/microchip/xc32/v4.20/bin/bin/../../lib/gcc/pic32c/8.3.1/../../../../pic32c/lib/thumb/v7e-m+fp/hard\libc-musl.a(strlen.o)
 .ARM.attributes
                0x00001208       0x36 c:/program files/microchip/xc32/v4.20/bin/bin/../../lib/gcc/pic32c/8.3.1/../../../../pic32c/lib/thumb/v7e-m+fp/hard\libc-musl.a(strchr.o)
 .ARM.attributes
                0x0000123e       0x36 c:/program files/microchip/xc32/v4.20/bin/bin/../../lib/gcc/pic32c/8.3.1/../../../../pic32c/lib/thumb/v7e-m+fp/hard\libc-musl.a(strchrnul.o)
 .ARM.attributes
                0x00001274       0x36 c:/program files/microchip/xc32/v4.20/bin/bin/../../lib/gcc/pic32c/8.3.1/../../../../pic32c/lib/thumb/v7e-m+fp/hard\libc-musl.a(strcmp.o)
 .ARM.attributes
                0x000012aa       0x36 c:/program files/microchip/xc32/v4.20/bin/bin/../../lib/gcc/pic32c/8.3.1/../../../../pic32c/lib/thumb/v7e-m+fp/hard\libc-musl.a(strcpy.o)
 .ARM.attributes
                0x000012e0       0x36 c:/program files/microchip/xc32/v4.20/bin/bin/../../lib/gcc/pic32c/8.3.1/../../../../pic32c/lib/thumb/v7e-m+fp/hard\libc-musl.a(strncmp.o)
 .ARM.attributes
                0x00001316       0x36 c:/program files/microchip/xc32/v4.20/bin/bin/../../lib/gcc/pic32c/8.3.1/../../../../pic32c/lib/thumb/v7e-m+fp/hard\libc-musl.a(strncpy.o)
 .ARM.attributes
                0x0000134c       0x36 c:/program files/microchip/xc32/v4.20/bin/bin/../../lib/gcc/pic32c/8.3.1/../../../../pic32c/lib/thumb/v7e-m+fp/hard\libc-musl.a(strtok.o)
 .ARM.attributes
                0x00001382       0x34 c:/program files/microchip/xc32/v4.20/bin/bin/../../lib/gcc/pic32c/8.3.1/../../../../pic32c/lib/thumb/v7e-m+fp/hard\libc-musl.a(__environ.o)
 .ARM.attributes
                0x000013b6       0x36 c:/program files/microchip/xc32/v4.20/bin/bin/../../lib/gcc/pic32c/8.3.1/../../../../pic32c/lib/thumb/v7e-m+fp/hard\libc-musl.a(intscan.o)
 .ARM.attributes
                0x000013ec       0x36 c:/program files/microchip/xc32/v4.20/bin/bin/../../lib/gcc/pic32c/8.3.1/../../../../pic32c/lib/thumb/v7e-m+fp/hard\libc-musl.a(shgetc.o)
 .ARM.attributes
                0x00001422       0x36 c:/program files/microchip/xc32/v4.20/bin/bin/../../lib/gcc/pic32c/8.3.1/../../../../pic32c/lib/thumb/v7e-m+fp/hard\libc-musl.a(__uflow.o)
 .ARM.attributes
                0x00001458       0x36 c:/program files/microchip/xc32/v4.20/bin/bin/../../lib/gcc/pic32c/8.3.1/../../../../pic32c/lib/thumb/v7e-m+fp/hard\libc-musl.a(vfprintf.o)
 .ARM.attributes
                0x0000148e       0x36 c:/program files/microchip/xc32/v4.20/bin/bin/../../lib/gcc/pic32c/8.3.1/../../../../pic32c/lib/thumb/v7e-m+fp/hard\libc-musl.a(stpcpy.o)
 .ARM.attributes
                0x000014c4       0x36 c:/program files/microchip/xc32/v4.20/bin/bin/../../lib/gcc/pic32c/8.3.1/../../../../pic32c/lib/thumb/v7e-m+fp/hard\libc-musl.a(stpncpy.o)
 .ARM.attributes
                0x000014fa       0x36 c:/program files/microchip/xc32/v4.20/bin/bin/../../lib/gcc/pic32c/8.3.1/../../../../pic32c/lib/thumb/v7e-m+fp/hard\libc-musl.a(strcspn.o)
 .ARM.attributes
                0x00001530       0x36 c:/program files/microchip/xc32/v4.20/bin/bin/../../lib/gcc/pic32c/8.3.1/../../../../pic32c/lib/thumb/v7e-m+fp/hard\libc-musl.a(strspn.o)
 .ARM.attributes
                0x00001566       0x36 c:/program files/microchip/xc32/v4.20/bin/bin/../../lib/gcc/pic32c/8.3.1/../../../../pic32c/lib/thumb/v7e-m+fp/hard\libc-musl.a(__toread.o)
 .ARM.attributes
                0x0000159c       0x36 c:/program files/microchip/xc32/v4.20/bin/bin/../../lib/gcc/pic32c/8.3.1/../../../../pic32c/lib/thumb/v7e-m+fp/hard\libc-musl.a(__pop_float.o)
 .ARM.attributes
                0x000015d2       0x36 c:/program files/microchip/xc32/v4.20/bin/bin/../../lib/gcc/pic32c/8.3.1/../../../../pic32c/lib/thumb/v7e-m+fp/hard\libc-musl.a(__pop_int.o)
 .ARM.attributes
                0x00001608       0x36 c:/program files/microchip/xc32/v4.20/bin/bin/../../lib/gcc/pic32c/8.3.1/../../../../pic32c/lib/thumb/v7e-m+fp/hard\libc-musl.a(__pop_ptr.o)
 .ARM.attributes
                0x0000163e       0x36 c:/program files/microchip/xc32/v4.20/bin/bin/../../lib/gcc/pic32c/8.3.1/../../../../pic32c/lib/thumb/v7e-m+fp/hard\libc-musl.a(__printf_core.o)
 .ARM.attributes
                0x00001674       0x36 c:/program files/microchip/xc32/v4.20/bin/bin/../../lib/gcc/pic32c/8.3.1/../../../../pic32c/lib/thumb/v7e-m+fp/hard\libc-musl.a(atoi.o)
 .ARM.attributes
                0x000016aa       0x36 c:/program files/microchip/xc32/v4.20/bin/bin/../../lib/gcc/pic32c/8.3.1/../../../../pic32c/lib/thumb/v7e-m+fp/hard\libc-musl.a(tolower.o)
 .ARM.attributes
                0x000016e0       0x36 c:/program files/microchip/xc32/v4.20/bin/bin/../../lib/gcc/pic32c/8.3.1/../../../../pic32c/lib/thumb/v7e-m+fp/hard\libc-musl.a(__fmt_a.o)
 .ARM.attributes
                0x00001716       0x36 c:/program files/microchip/xc32/v4.20/bin/bin/../../lib/gcc/pic32c/8.3.1/../../../../pic32c/lib/thumb/v7e-m+fp/hard\libc-musl.a(__fmt_d.o)
 .ARM.attributes
                0x0000174c       0x36 c:/program files/microchip/xc32/v4.20/bin/bin/../../lib/gcc/pic32c/8.3.1/../../../../pic32c/lib/thumb/v7e-m+fp/hard\libc-musl.a(__fmt_fp.o)
 .ARM.attributes
                0x00001782       0x36 c:/program files/microchip/xc32/v4.20/bin/bin/../../lib/gcc/pic32c/8.3.1/../../../../pic32c/lib/thumb/v7e-m+fp/hard\libc-musl.a(__fmt_o.o)
 .ARM.attributes
                0x000017b8       0x36 c:/program files/microchip/xc32/v4.20/bin/bin/../../lib/gcc/pic32c/8.3.1/../../../../pic32c/lib/thumb/v7e-m+fp/hard\libc-musl.a(__fmt_s.o)
 .ARM.attributes
                0x000017ee       0x36 c:/program files/microchip/xc32/v4.20/bin/bin/../../lib/gcc/pic32c/8.3.1/../../../../pic32c/lib/thumb/v7e-m+fp/hard\libc-musl.a(__fmt_u.o)
 .ARM.attributes
                0x00001824       0x36 c:/program files/microchip/xc32/v4.20/bin/bin/../../lib/gcc/pic32c/8.3.1/../../../../pic32c/lib/thumb/v7e-m+fp/hard\libc-musl.a(__fmt_x.o)
 .ARM.attributes
                0x0000185a       0x36 c:/program files/microchip/xc32/v4.20/bin/bin/../../lib/gcc/pic32c/8.3.1/../../../../pic32c/lib/thumb/v7e-m+fp/hard\libc-musl.a(toupper.o)
 .ARM.attributes
                0x00001890       0x34 c:/program files/microchip/xc32/v4.20/bin/bin/../../lib/gcc/pic32c/8.3.1/../../../../pic32c/lib/thumb/v7e-m+fp/hard\libm-emfloat.a(fma.o)
 .ARM.attributes
                0x000018c4       0x34 c:/program files/microchip/xc32/v4.20/bin/bin/../../lib/gcc/pic32c/8.3.1/../../../../pic32c/lib/thumb/v7e-m+fp/hard\libm-emfloat.a(floor.o)
 .ARM.attributes
                0x000018f8       0x20 c:/program files/microchip/xc32/v4.20/bin/bin/../../lib/gcc/pic32c/8.3.1/../../../../pic32c/lib/thumb/v7e-m+fp/hard\libm-emfloat.a(__aeabi_dcmple.o)
 .ARM.attributes
                0x00001918       0x20 c:/program files/microchip/xc32/v4.20/bin/bin/../../lib/gcc/pic32c/8.3.1/../../../../pic32c/lib/thumb/v7e-m+fp/hard\libm-emfloat.a(__aeabi_dcmpgt.o)
 .ARM.attributes
                0x00001938       0x1e c:/program files/microchip/xc32/v4.20/bin/bin/../../lib/gcc/pic32c/8.3.1/thumb/v7e-m+fp/hard\libgcc.a(_aeabi_uldivmod.o)
 .ARM.attributes
                0x00001956       0x34 c:/program files/microchip/xc32/v4.20/bin/bin/../../lib/gcc/pic32c/8.3.1/thumb/v7e-m+fp/hard\libgcc.a(_udivmoddi4.o)
 .ARM.attributes
                0x0000198a       0x1e c:/program files/microchip/xc32/v4.20/bin/bin/../../lib/gcc/pic32c/8.3.1/thumb/v7e-m+fp/hard\libgcc.a(_dvmd_tls.o)
 .ARM.attributes
                0x000019a8       0x1e c:/program files/microchip/xc32/v4.20/bin/bin/../../lib/gcc/pic32c/8.3.1/thumb/v7e-m+fp/hard/crtn.o

.comment        0x00000000       0xa9
 .comment       0x00000000       0x2b c:/program files/microchip/xc32/v4.20/bin/bin/../../lib/gcc/pic32c/8.3.1/thumb/v7e-m+fp/hard/crtbegin.o
                                 0x2c (size before relaxing)
 .comment       0x0000002b       0x2c build/default/production/_ext/1006906113/phy_ed_end_cb.o
 .comment       0x0000002b       0x2c build/default/production/_ext/1171490990/initialization.o
 .comment       0x0000002b       0x2c build/default/production/_ext/1832805299/sys_console.o
 .comment       0x0000002b       0x2c build/default/production/_ext/297566330/app_p2p_phy.o
 .comment       0x0000002b       0x2c build/default/production/_ext/1986646378/plib_evsys.o
 .comment       0x0000002b       0x2c build/default/production/_ext/1171490990/interrupts.o
 .comment       0x0000002b       0x2c build/default/production/_ext/1682558732/bmm.o
 .comment       0x0000002b       0x2c build/default/production/_ext/60165520/plib_clk.o
 .comment       0x0000002b       0x2c build/default/production/_ext/404212886/queue.o
 .comment       0x0000002b       0x2c build/default/production/_ext/246609638/port.o
 .comment       0x0000002b       0x2c build/default/production/_ext/1665200909/heap_4.o
 .comment       0x0000002b       0x2c build/default/production/_ext/1865468468/plib_nvic.o
 .comment       0x0000002b       0x2c build/default/production/_ext/767817240/app_phy_cmd_processor.o
 .comment       0x0000002b       0x2c build/default/production/_ext/404212886/FreeRTOS_tasks.o
 .comment       0x0000002b       0x2c build/default/production/_ext/1832805299/sys_console_uart.o
 .comment       0x0000002b       0x2c build/default/production/_ext/794496283/pal.o
 .comment       0x0000002b       0x2c build/default/production/_ext/829342655/plib_tc0.o
 .comment       0x0000002b       0x2c build/default/production/_ext/637565607/qmm.o
 .comment       0x0000002b       0x2c build/default/production/_ext/1881668453/sys_int.o
 .comment       0x0000002b       0x2c build/default/production/_ext/1000052432/sys_reset.o
 .comment       0x0000002b       0x2c build/default/production/_ext/404212886/list.o
 .comment       0x0000002b       0x2c build/default/production/_ext/1360937237/main.o
 .comment       0x0000002b       0x2c build/default/production/_ext/1529399856/osal_freertos_extend.o
 .comment       0x0000002b       0x2c build/default/production/_ext/1006906113/phy_task.o
 .comment       0x0000002b       0x2c build/default/production/_ext/1360937237/app_idle_task.o
 .comment       0x0000002b       0x2c build/default/production/_ext/1171490990/freertos_hooks.o
 .comment       0x0000002b       0x2c build/default/production/_ext/1865254177/plib_gpio.o
 .comment       0x0000002b       0x2c build/default/production/_ext/1171490990/tasks.o
 .comment       0x0000002b       0x2c build/default/production/_ext/1529399856/osal_freertos.o
 .comment       0x0000002b       0x2c build/default/production/_ext/60176403/plib_nvm.o
 .comment       0x0000002b       0x2c build/default/production/_ext/1360937237/app.o
 .comment       0x0000002b       0x2c build/default/production/_ext/504274921/plib_sercom0_usart.o
 .comment       0x0000002b       0x2c build/default/production/_ext/1171490990/startup_xc32.o
 .comment       0x0000002b       0x2c build/default/production/_ext/101884895/sys_time.o
 .comment       0x0000002b       0x2c build/default/production/_ext/1376093119/sys_command.o
 .comment       0x0000002b       0x2c build/default/production/_ext/1171490990/exceptions.o
 .comment       0x0000002b       0x2b ..\src\config\default\lib\lib-ieee802154_phy_pic32cxbz-v1.0.0.a(phy.o)
                                 0x2c (size before relaxing)
 .comment       0x00000056       0x2c ..\src\config\default\lib\lib-ieee802154_phy_pic32cxbz-v1.0.0.a(phy_ed.o)
 .comment       0x00000056       0x2c ..\src\config\default\lib\lib-ieee802154_phy_pic32cxbz-v1.0.0.a(phy_helper.o)
 .comment       0x00000056       0x2c ..\src\config\default\lib\lib-ieee802154_phy_pic32cxbz-v1.0.0.a(phy_init.o)
 .comment       0x00000056       0x2c ..\src\config\default\lib\lib-ieee802154_phy_pic32cxbz-v1.0.0.a(phy_irq_handler.o)
 .comment       0x00000056       0x2c ..\src\config\default\lib\lib-ieee802154_phy_pic32cxbz-v1.0.0.a(phy_pib.o)
 .comment       0x00000056       0x2c ..\src\config\default\lib\lib-ieee802154_phy_pic32cxbz-v1.0.0.a(phy_pwr_mgmt.o)
 .comment       0x00000056       0x2c ..\src\config\default\lib\lib-ieee802154_phy_pic32cxbz-v1.0.0.a(phy_rx.o)
 .comment       0x00000056       0x2c ..\src\config\default\lib\lib-ieee802154_phy_pic32cxbz-v1.0.0.a(phy_rx_enable.o)
 .comment       0x00000056       0x2c ..\src\config\default\lib\lib-ieee802154_phy_pic32cxbz-v1.0.0.a(phy_tx.o)
 .comment       0x00000056       0x2c ..\src\config\default\lib\lib-ieee802154_phy_pic32cxbz-v1.0.0.a(tfa.o)
 .comment       0x00000056       0x53 ..\src\config\default\driver\device_support\pic32cx_bz2_device_support.a(rf_system.o)
                                 0x54 (size before relaxing)
 .comment       0x000000a9       0x54 ..\src\config\default\driver\device_support\pic32cx_bz2_device_support.a(info_block_plat.o)
 .comment       0x000000a9       0x54 ..\src\config\default\driver\device_support\pic32cx_bz2_device_support.a(info_block.o)
 .comment       0x000000a9       0x54 ..\src\config\default\driver\device_support\pic32cx_bz2_device_support.a(pmu_dvr.o)
 .comment       0x000000a9       0x54 ..\src\config\default\driver\device_support\pic32cx_bz2_device_support.a(rf.o)
 .comment       0x000000a9       0x54 ..\src\config\default\driver\pds\pds.a(wlPdsDataServer.o)
 .comment       0x000000a9       0x54 ..\src\config\default\driver\pds\pds.a(wlPdsInit.o)
 .comment       0x000000a9       0x54 ..\src\config\default\driver\pds\pds.a(D_Nv.o)
 .comment       0x000000a9       0x54 ..\src\config\default\driver\pds\pds.a(S_Nv-Chimera.o)
 .comment       0x000000a9       0x2c c:/program files/microchip/xc32/v4.20/bin/bin/../../lib/gcc/pic32c/8.3.1/../../../../pic32c/lib/thumb/v7e-m+fp/hard\libpic32c.a(data_init_wrapper.o)
 .comment       0x000000a9       0x2c c:/program files/microchip/xc32/v4.20/bin/bin/../../lib/gcc/pic32c/8.3.1/../../../../pic32c/lib/thumb/v7e-m+fp/hard\libpic32c.a(data_init_0_1.o)
 .comment       0x000000a9       0x2c c:/program files/microchip/xc32/v4.20/bin/bin/../../lib/gcc/pic32c/8.3.1/../../../../pic32c/lib/thumb/v7e-m+fp/hard\libm-emfloat.a(round.o)
 .comment       0x000000a9       0x2c c:/program files/microchip/xc32/v4.20/bin/bin/../../lib/gcc/pic32c/8.3.1/../../../../pic32c/lib/thumb/v7e-m+fp/hard\libm-emfloat.a(pow.o)
 .comment       0x000000a9       0x2c c:/program files/microchip/xc32/v4.20/bin/bin/../../lib/gcc/pic32c/8.3.1/../../../../pic32c/lib/thumb/v7e-m+fp/hard\libm-emfloat.a(log.o)
 .comment       0x000000a9       0x2c c:/program files/microchip/xc32/v4.20/bin/bin/../../lib/gcc/pic32c/8.3.1/../../../../pic32c/lib/thumb/v7e-m+fp/hard\libm-emfloat.a(exp.o)
 .comment       0x000000a9       0x2c c:/program files/microchip/xc32/v4.20/bin/bin/../../lib/gcc/pic32c/8.3.1/../../../../pic32c/lib/thumb/v7e-m+fp/hard\libm-emfloat.a(__SEGGER_RTL_float64_Log.o)
 .comment       0x000000a9       0x2c c:/program files/microchip/xc32/v4.20/bin/bin/../../lib/gcc/pic32c/8.3.1/../../../../pic32c/lib/thumb/v7e-m+fp/hard\libm-emfloat.a(__SEGGER_RTL_float64_PolyEvalP.o)
 .comment       0x000000a9       0x2c c:/program files/microchip/xc32/v4.20/bin/bin/../../lib/gcc/pic32c/8.3.1/../../../../pic32c/lib/thumb/v7e-m+fp/hard\libm-emfloat.a(__SEGGER_RTL_float64_PolyEvalQ.o)
 .comment       0x000000a9       0x2c c:/program files/microchip/xc32/v4.20/bin/bin/../../lib/gcc/pic32c/8.3.1/../../../../pic32c/lib/thumb/v7e-m+fp/hard\libm-emfloat.a(ldexp.o)
 .comment       0x000000a9       0x2c c:/program files/microchip/xc32/v4.20/bin/bin/../../lib/gcc/pic32c/8.3.1/../../../../pic32c/lib/thumb/v7e-m+fp/hard\libm-emfloat.a(frexp.o)
 .comment       0x000000a9       0x2c c:/program files/microchip/xc32/v4.20/bin/bin/../../lib/gcc/pic32c/8.3.1/../../../../pic32c/lib/thumb/v7e-m+fp/hard\libc-musl.a(__libc_start_main.o)
 .comment       0x000000a9       0x2c c:/program files/microchip/xc32/v4.20/bin/bin/../../lib/gcc/pic32c/8.3.1/../../../../pic32c/lib/thumb/v7e-m+fp/hard\libc-musl.a(__errno_location.o)
 .comment       0x000000a9       0x2c c:/program files/microchip/xc32/v4.20/bin/bin/../../lib/gcc/pic32c/8.3.1/../../../../pic32c/lib/thumb/v7e-m+fp/hard\libc-musl.a(libc.o)
 .comment       0x000000a9       0x2c c:/program files/microchip/xc32/v4.20/bin/bin/../../lib/gcc/pic32c/8.3.1/../../../../pic32c/lib/thumb/v7e-m+fp/hard\libc-musl.a(malloc.o)
 .comment       0x000000a9       0x2c c:/program files/microchip/xc32/v4.20/bin/bin/../../lib/gcc/pic32c/8.3.1/../../../../pic32c/lib/thumb/v7e-m+fp/hard\libc-musl.a(rand.o)
 .comment       0x000000a9       0x2c c:/program files/microchip/xc32/v4.20/bin/bin/../../lib/gcc/pic32c/8.3.1/../../../../pic32c/lib/thumb/v7e-m+fp/hard\libc-musl.a(vsnprintf.o)
 .comment       0x000000a9       0x2c c:/program files/microchip/xc32/v4.20/bin/bin/../../lib/gcc/pic32c/8.3.1/../../../../pic32c/lib/thumb/v7e-m+fp/hard\libc-musl.a(sprintf.o)
 .comment       0x000000a9       0x2c c:/program files/microchip/xc32/v4.20/bin/bin/../../lib/gcc/pic32c/8.3.1/../../../../pic32c/lib/thumb/v7e-m+fp/hard\libc-musl.a(vsprintf.o)
 .comment       0x000000a9       0x2c c:/program files/microchip/xc32/v4.20/bin/bin/../../lib/gcc/pic32c/8.3.1/../../../../pic32c/lib/thumb/v7e-m+fp/hard\libc-musl.a(strtol.o)
 .comment       0x000000a9       0x2c c:/program files/microchip/xc32/v4.20/bin/bin/../../lib/gcc/pic32c/8.3.1/../../../../pic32c/lib/thumb/v7e-m+fp/hard\libc-musl.a(memcmp.o)
 .comment       0x000000a9       0x2c c:/program files/microchip/xc32/v4.20/bin/bin/../../lib/gcc/pic32c/8.3.1/../../../../pic32c/lib/thumb/v7e-m+fp/hard\libc-musl.a(memcpy.o)
 .comment       0x000000a9       0x2c c:/program files/microchip/xc32/v4.20/bin/bin/../../lib/gcc/pic32c/8.3.1/../../../../pic32c/lib/thumb/v7e-m+fp/hard\libc-musl.a(memset.o)
 .comment       0x000000a9       0x2c c:/program files/microchip/xc32/v4.20/bin/bin/../../lib/gcc/pic32c/8.3.1/../../../../pic32c/lib/thumb/v7e-m+fp/hard\libc-musl.a(strlen.o)
 .comment       0x000000a9       0x2c c:/program files/microchip/xc32/v4.20/bin/bin/../../lib/gcc/pic32c/8.3.1/../../../../pic32c/lib/thumb/v7e-m+fp/hard\libc-musl.a(strchr.o)
 .comment       0x000000a9       0x2c c:/program files/microchip/xc32/v4.20/bin/bin/../../lib/gcc/pic32c/8.3.1/../../../../pic32c/lib/thumb/v7e-m+fp/hard\libc-musl.a(strchrnul.o)
 .comment       0x000000a9       0x2c c:/program files/microchip/xc32/v4.20/bin/bin/../../lib/gcc/pic32c/8.3.1/../../../../pic32c/lib/thumb/v7e-m+fp/hard\libc-musl.a(strcmp.o)
 .comment       0x000000a9       0x2c c:/program files/microchip/xc32/v4.20/bin/bin/../../lib/gcc/pic32c/8.3.1/../../../../pic32c/lib/thumb/v7e-m+fp/hard\libc-musl.a(strcpy.o)
 .comment       0x000000a9       0x2c c:/program files/microchip/xc32/v4.20/bin/bin/../../lib/gcc/pic32c/8.3.1/../../../../pic32c/lib/thumb/v7e-m+fp/hard\libc-musl.a(strncmp.o)
 .comment       0x000000a9       0x2c c:/program files/microchip/xc32/v4.20/bin/bin/../../lib/gcc/pic32c/8.3.1/../../../../pic32c/lib/thumb/v7e-m+fp/hard\libc-musl.a(strncpy.o)
 .comment       0x000000a9       0x2c c:/program files/microchip/xc32/v4.20/bin/bin/../../lib/gcc/pic32c/8.3.1/../../../../pic32c/lib/thumb/v7e-m+fp/hard\libc-musl.a(strtok.o)
 .comment       0x000000a9       0x2c c:/program files/microchip/xc32/v4.20/bin/bin/../../lib/gcc/pic32c/8.3.1/../../../../pic32c/lib/thumb/v7e-m+fp/hard\libc-musl.a(__environ.o)
 .comment       0x000000a9       0x2c c:/program files/microchip/xc32/v4.20/bin/bin/../../lib/gcc/pic32c/8.3.1/../../../../pic32c/lib/thumb/v7e-m+fp/hard\libc-musl.a(intscan.o)
 .comment       0x000000a9       0x2c c:/program files/microchip/xc32/v4.20/bin/bin/../../lib/gcc/pic32c/8.3.1/../../../../pic32c/lib/thumb/v7e-m+fp/hard\libc-musl.a(shgetc.o)
 .comment       0x000000a9       0x2c c:/program files/microchip/xc32/v4.20/bin/bin/../../lib/gcc/pic32c/8.3.1/../../../../pic32c/lib/thumb/v7e-m+fp/hard\libc-musl.a(__uflow.o)
 .comment       0x000000a9       0x2c c:/program files/microchip/xc32/v4.20/bin/bin/../../lib/gcc/pic32c/8.3.1/../../../../pic32c/lib/thumb/v7e-m+fp/hard\libc-musl.a(vfprintf.o)
 .comment       0x000000a9       0x2c c:/program files/microchip/xc32/v4.20/bin/bin/../../lib/gcc/pic32c/8.3.1/../../../../pic32c/lib/thumb/v7e-m+fp/hard\libc-musl.a(stpcpy.o)
 .comment       0x000000a9       0x2c c:/program files/microchip/xc32/v4.20/bin/bin/../../lib/gcc/pic32c/8.3.1/../../../../pic32c/lib/thumb/v7e-m+fp/hard\libc-musl.a(stpncpy.o)
 .comment       0x000000a9       0x2c c:/program files/microchip/xc32/v4.20/bin/bin/../../lib/gcc/pic32c/8.3.1/../../../../pic32c/lib/thumb/v7e-m+fp/hard\libc-musl.a(strcspn.o)
 .comment       0x000000a9       0x2c c:/program files/microchip/xc32/v4.20/bin/bin/../../lib/gcc/pic32c/8.3.1/../../../../pic32c/lib/thumb/v7e-m+fp/hard\libc-musl.a(strspn.o)
 .comment       0x000000a9       0x2c c:/program files/microchip/xc32/v4.20/bin/bin/../../lib/gcc/pic32c/8.3.1/../../../../pic32c/lib/thumb/v7e-m+fp/hard\libc-musl.a(__toread.o)
 .comment       0x000000a9       0x2c c:/program files/microchip/xc32/v4.20/bin/bin/../../lib/gcc/pic32c/8.3.1/../../../../pic32c/lib/thumb/v7e-m+fp/hard\libc-musl.a(__pop_float.o)
 .comment       0x000000a9       0x2c c:/program files/microchip/xc32/v4.20/bin/bin/../../lib/gcc/pic32c/8.3.1/../../../../pic32c/lib/thumb/v7e-m+fp/hard\libc-musl.a(__pop_int.o)
 .comment       0x000000a9       0x2c c:/program files/microchip/xc32/v4.20/bin/bin/../../lib/gcc/pic32c/8.3.1/../../../../pic32c/lib/thumb/v7e-m+fp/hard\libc-musl.a(__pop_ptr.o)
 .comment       0x000000a9       0x2c c:/program files/microchip/xc32/v4.20/bin/bin/../../lib/gcc/pic32c/8.3.1/../../../../pic32c/lib/thumb/v7e-m+fp/hard\libc-musl.a(__printf_core.o)
 .comment       0x000000a9       0x2c c:/program files/microchip/xc32/v4.20/bin/bin/../../lib/gcc/pic32c/8.3.1/../../../../pic32c/lib/thumb/v7e-m+fp/hard\libc-musl.a(atoi.o)
 .comment       0x000000a9       0x2c c:/program files/microchip/xc32/v4.20/bin/bin/../../lib/gcc/pic32c/8.3.1/../../../../pic32c/lib/thumb/v7e-m+fp/hard\libc-musl.a(tolower.o)
 .comment       0x000000a9       0x2c c:/program files/microchip/xc32/v4.20/bin/bin/../../lib/gcc/pic32c/8.3.1/../../../../pic32c/lib/thumb/v7e-m+fp/hard\libc-musl.a(__fmt_a.o)
 .comment       0x000000a9       0x2c c:/program files/microchip/xc32/v4.20/bin/bin/../../lib/gcc/pic32c/8.3.1/../../../../pic32c/lib/thumb/v7e-m+fp/hard\libc-musl.a(__fmt_d.o)
 .comment       0x000000a9       0x2c c:/program files/microchip/xc32/v4.20/bin/bin/../../lib/gcc/pic32c/8.3.1/../../../../pic32c/lib/thumb/v7e-m+fp/hard\libc-musl.a(__fmt_fp.o)
 .comment       0x000000a9       0x2c c:/program files/microchip/xc32/v4.20/bin/bin/../../lib/gcc/pic32c/8.3.1/../../../../pic32c/lib/thumb/v7e-m+fp/hard\libc-musl.a(__fmt_o.o)
 .comment       0x000000a9       0x2c c:/program files/microchip/xc32/v4.20/bin/bin/../../lib/gcc/pic32c/8.3.1/../../../../pic32c/lib/thumb/v7e-m+fp/hard\libc-musl.a(__fmt_s.o)
 .comment       0x000000a9       0x2c c:/program files/microchip/xc32/v4.20/bin/bin/../../lib/gcc/pic32c/8.3.1/../../../../pic32c/lib/thumb/v7e-m+fp/hard\libc-musl.a(__fmt_u.o)
 .comment       0x000000a9       0x2c c:/program files/microchip/xc32/v4.20/bin/bin/../../lib/gcc/pic32c/8.3.1/../../../../pic32c/lib/thumb/v7e-m+fp/hard\libc-musl.a(__fmt_x.o)
 .comment       0x000000a9       0x2c c:/program files/microchip/xc32/v4.20/bin/bin/../../lib/gcc/pic32c/8.3.1/../../../../pic32c/lib/thumb/v7e-m+fp/hard\libc-musl.a(toupper.o)
 .comment       0x000000a9       0x2c c:/program files/microchip/xc32/v4.20/bin/bin/../../lib/gcc/pic32c/8.3.1/../../../../pic32c/lib/thumb/v7e-m+fp/hard\libm-emfloat.a(fma.o)
 .comment       0x000000a9       0x2c c:/program files/microchip/xc32/v4.20/bin/bin/../../lib/gcc/pic32c/8.3.1/../../../../pic32c/lib/thumb/v7e-m+fp/hard\libm-emfloat.a(floor.o)
 .comment       0x000000a9       0x2c c:/program files/microchip/xc32/v4.20/bin/bin/../../lib/gcc/pic32c/8.3.1/thumb/v7e-m+fp/hard\libgcc.a(_udivmoddi4.o)

.debug_info     0x00000000    0x66983
 .debug_info    0x00000000      0x320 build/default/production/_ext/1006906113/phy_ed_end_cb.o
 .debug_info    0x00000320     0x1d3f build/default/production/_ext/1171490990/initialization.o
 .debug_info    0x0000205f     0x13f3 build/default/production/_ext/1832805299/sys_console.o
 .debug_info    0x00003452     0x39ac build/default/production/_ext/297566330/app_p2p_phy.o
 .debug_info    0x00006dfe      0x2fc build/default/production/_ext/1986646378/plib_evsys.o
 .debug_info    0x000070fa      0xa1f build/default/production/_ext/1171490990/interrupts.o
 .debug_info    0x00007b19      0x735 build/default/production/_ext/1682558732/bmm.o
 .debug_info    0x0000824e     0x1400 build/default/production/_ext/60165520/plib_clk.o
 .debug_info    0x0000964e     0x2689 build/default/production/_ext/404212886/queue.o
 .debug_info    0x0000bcd7      0x7bc build/default/production/_ext/246609638/port.o
 .debug_info    0x0000c493      0xa59 build/default/production/_ext/1665200909/heap_4.o
 .debug_info    0x0000ceec      0xe9f build/default/production/_ext/1865468468/plib_nvic.o
 .debug_info    0x0000dd8b     0x6bfa build/default/production/_ext/767817240/app_phy_cmd_processor.o
 .debug_info    0x00014985     0x332f build/default/production/_ext/404212886/FreeRTOS_tasks.o
 .debug_info    0x00017cb4     0x1498 build/default/production/_ext/1832805299/sys_console_uart.o
 .debug_info    0x0001914c      0xc68 build/default/production/_ext/794496283/pal.o
 .debug_info    0x00019db4      0xc61 build/default/production/_ext/829342655/plib_tc0.o
 .debug_info    0x0001aa15      0x81d build/default/production/_ext/637565607/qmm.o
 .debug_info    0x0001b232      0xb1e build/default/production/_ext/1881668453/sys_int.o
 .debug_info    0x0001bd50      0x58a build/default/production/_ext/1000052432/sys_reset.o
 .debug_info    0x0001c2da      0x618 build/default/production/_ext/404212886/list.o
 .debug_info    0x0001c8f2      0x315 build/default/production/_ext/1360937237/main.o
 .debug_info    0x0001cc07      0x8d0 build/default/production/_ext/1529399856/osal_freertos_extend.o
 .debug_info    0x0001d4d7      0x4e1 build/default/production/_ext/1006906113/phy_task.o
 .debug_info    0x0001d9b8      0x3f1 build/default/production/_ext/1360937237/app_idle_task.o
 .debug_info    0x0001dda9      0x535 build/default/production/_ext/1171490990/freertos_hooks.o
 .debug_info    0x0001e2de      0xae2 build/default/production/_ext/1865254177/plib_gpio.o
 .debug_info    0x0001edc0      0x5a4 build/default/production/_ext/1171490990/tasks.o
 .debug_info    0x0001f364      0xb1e build/default/production/_ext/1529399856/osal_freertos.o
 .debug_info    0x0001fe82     0x145a build/default/production/_ext/60176403/plib_nvm.o
 .debug_info    0x000212dc      0x580 build/default/production/_ext/1360937237/app.o
 .debug_info    0x0002185c     0x224f build/default/production/_ext/504274921/plib_sercom0_usart.o
 .debug_info    0x00023aab      0x877 build/default/production/_ext/1171490990/startup_xc32.o
 .debug_info    0x00024322     0x2d5a build/default/production/_ext/101884895/sys_time.o
 .debug_info    0x0002707c     0x265e build/default/production/_ext/1376093119/sys_command.o
 .debug_info    0x000296da      0x3be build/default/production/_ext/1171490990/exceptions.o
 .debug_info    0x00029a98     0x1cf4 ..\src\config\default\lib\lib-ieee802154_phy_pic32cxbz-v1.0.0.a(phy.o)
 .debug_info    0x0002b78c     0x19e8 ..\src\config\default\lib\lib-ieee802154_phy_pic32cxbz-v1.0.0.a(phy_ed.o)
 .debug_info    0x0002d174     0x24ef ..\src\config\default\lib\lib-ieee802154_phy_pic32cxbz-v1.0.0.a(phy_helper.o)
 .debug_info    0x0002f663     0x3000 ..\src\config\default\lib\lib-ieee802154_phy_pic32cxbz-v1.0.0.a(phy_init.o)
 .debug_info    0x00032663     0x1b49 ..\src\config\default\lib\lib-ieee802154_phy_pic32cxbz-v1.0.0.a(phy_irq_handler.o)
 .debug_info    0x000341ac     0x2e55 ..\src\config\default\lib\lib-ieee802154_phy_pic32cxbz-v1.0.0.a(phy_pib.o)
 .debug_info    0x00037001     0x681b ..\src\config\default\lib\lib-ieee802154_phy_pic32cxbz-v1.0.0.a(phy_pwr_mgmt.o)
 .debug_info    0x0003d81c     0x202a ..\src\config\default\lib\lib-ieee802154_phy_pic32cxbz-v1.0.0.a(phy_rx.o)
 .debug_info    0x0003f846      0xea5 ..\src\config\default\lib\lib-ieee802154_phy_pic32cxbz-v1.0.0.a(phy_rx_enable.o)
 .debug_info    0x000406eb     0x27ce ..\src\config\default\lib\lib-ieee802154_phy_pic32cxbz-v1.0.0.a(phy_tx.o)
 .debug_info    0x00042eb9     0x2536 ..\src\config\default\lib\lib-ieee802154_phy_pic32cxbz-v1.0.0.a(tfa.o)
 .debug_info    0x000453ef     0x5fad ..\src\config\default\driver\device_support\pic32cx_bz2_device_support.a(rf_system.o)
 .debug_info    0x0004b39c      0xf10 ..\src\config\default\driver\device_support\pic32cx_bz2_device_support.a(info_block_plat.o)
 .debug_info    0x0004c2ac     0x1439 ..\src\config\default\driver\device_support\pic32cx_bz2_device_support.a(info_block.o)
 .debug_info    0x0004d6e5      0x654 ..\src\config\default\driver\device_support\pic32cx_bz2_device_support.a(pmu_dvr.o)
 .debug_info    0x0004dd39     0x4671 ..\src\config\default\driver\device_support\pic32cx_bz2_device_support.a(rf.o)
 .debug_info    0x000523aa     0x1ccb ..\src\config\default\driver\pds\pds.a(wlPdsDataServer.o)
 .debug_info    0x00054075      0x803 ..\src\config\default\driver\pds\pds.a(wlPdsInit.o)
 .debug_info    0x00054878      0xbf6 ..\src\config\default\driver\pds\pds.a(D_Nv.o)
 .debug_info    0x0005546e     0x2b2f ..\src\config\default\driver\pds\pds.a(S_Nv-Chimera.o)
 .debug_info    0x00057f9d      0x29e c:/program files/microchip/xc32/v4.20/bin/bin/../../lib/gcc/pic32c/8.3.1/../../../../pic32c/lib/thumb/v7e-m+fp/hard\libpic32c.a(data_init_wrapper.o)
 .debug_info    0x0005823b      0x2a1 c:/program files/microchip/xc32/v4.20/bin/bin/../../lib/gcc/pic32c/8.3.1/../../../../pic32c/lib/thumb/v7e-m+fp/hard\libpic32c.a(data_init_0_1.o)
 .debug_info    0x000584dc      0x61f c:/program files/microchip/xc32/v4.20/bin/bin/../../lib/gcc/pic32c/8.3.1/../../../../pic32c/lib/thumb/v7e-m+fp/hard\libc-musl.a(__libc_start_main.o)
 .debug_info    0x00058afb      0x26f c:/program files/microchip/xc32/v4.20/bin/bin/../../lib/gcc/pic32c/8.3.1/../../../../pic32c/lib/thumb/v7e-m+fp/hard\libc-musl.a(__errno_location.o)
 .debug_info    0x00058d6a      0x531 c:/program files/microchip/xc32/v4.20/bin/bin/../../lib/gcc/pic32c/8.3.1/../../../../pic32c/lib/thumb/v7e-m+fp/hard\libc-musl.a(libc.o)
 .debug_info    0x0005929b     0x13a1 c:/program files/microchip/xc32/v4.20/bin/bin/../../lib/gcc/pic32c/8.3.1/../../../../pic32c/lib/thumb/v7e-m+fp/hard\libc-musl.a(malloc.o)
 .debug_info    0x0005a63c      0x328 c:/program files/microchip/xc32/v4.20/bin/bin/../../lib/gcc/pic32c/8.3.1/../../../../pic32c/lib/thumb/v7e-m+fp/hard\libc-musl.a(rand.o)
 .debug_info    0x0005a964      0x6fd c:/program files/microchip/xc32/v4.20/bin/bin/../../lib/gcc/pic32c/8.3.1/../../../../pic32c/lib/thumb/v7e-m+fp/hard\libc-musl.a(vsnprintf.o)
 .debug_info    0x0005b061      0x319 c:/program files/microchip/xc32/v4.20/bin/bin/../../lib/gcc/pic32c/8.3.1/../../../../pic32c/lib/thumb/v7e-m+fp/hard\libc-musl.a(sprintf.o)
 .debug_info    0x0005b37a      0x313 c:/program files/microchip/xc32/v4.20/bin/bin/../../lib/gcc/pic32c/8.3.1/../../../../pic32c/lib/thumb/v7e-m+fp/hard\libc-musl.a(vsprintf.o)
 .debug_info    0x0005b68d      0x9ef c:/program files/microchip/xc32/v4.20/bin/bin/../../lib/gcc/pic32c/8.3.1/../../../../pic32c/lib/thumb/v7e-m+fp/hard\libc-musl.a(strtol.o)
 .debug_info    0x0005c07c      0x2de c:/program files/microchip/xc32/v4.20/bin/bin/../../lib/gcc/pic32c/8.3.1/../../../../pic32c/lib/thumb/v7e-m+fp/hard\libc-musl.a(memcmp.o)
 .debug_info    0x0005c35a      0x2ed c:/program files/microchip/xc32/v4.20/bin/bin/../../lib/gcc/pic32c/8.3.1/../../../../pic32c/lib/thumb/v7e-m+fp/hard\libc-musl.a(memcpy.o)
 .debug_info    0x0005c647      0x2b1 c:/program files/microchip/xc32/v4.20/bin/bin/../../lib/gcc/pic32c/8.3.1/../../../../pic32c/lib/thumb/v7e-m+fp/hard\libc-musl.a(memset.o)
 .debug_info    0x0005c8f8      0x2a2 c:/program files/microchip/xc32/v4.20/bin/bin/../../lib/gcc/pic32c/8.3.1/../../../../pic32c/lib/thumb/v7e-m+fp/hard\libc-musl.a(strlen.o)
 .debug_info    0x0005cb9a      0x2c4 c:/program files/microchip/xc32/v4.20/bin/bin/../../lib/gcc/pic32c/8.3.1/../../../../pic32c/lib/thumb/v7e-m+fp/hard\libc-musl.a(strchr.o)
 .debug_info    0x0005ce5e      0x38c c:/program files/microchip/xc32/v4.20/bin/bin/../../lib/gcc/pic32c/8.3.1/../../../../pic32c/lib/thumb/v7e-m+fp/hard\libc-musl.a(strchrnul.o)
 .debug_info    0x0005d1ea      0x287 c:/program files/microchip/xc32/v4.20/bin/bin/../../lib/gcc/pic32c/8.3.1/../../../../pic32c/lib/thumb/v7e-m+fp/hard\libc-musl.a(strcmp.o)
 .debug_info    0x0005d471      0x2b0 c:/program files/microchip/xc32/v4.20/bin/bin/../../lib/gcc/pic32c/8.3.1/../../../../pic32c/lib/thumb/v7e-m+fp/hard\libc-musl.a(strcpy.o)
 .debug_info    0x0005d721      0x2ec c:/program files/microchip/xc32/v4.20/bin/bin/../../lib/gcc/pic32c/8.3.1/../../../../pic32c/lib/thumb/v7e-m+fp/hard\libc-musl.a(strncmp.o)
 .debug_info    0x0005da0d      0x2d5 c:/program files/microchip/xc32/v4.20/bin/bin/../../lib/gcc/pic32c/8.3.1/../../../../pic32c/lib/thumb/v7e-m+fp/hard\libc-musl.a(strncpy.o)
 .debug_info    0x0005dce2      0x2f2 c:/program files/microchip/xc32/v4.20/bin/bin/../../lib/gcc/pic32c/8.3.1/../../../../pic32c/lib/thumb/v7e-m+fp/hard\libc-musl.a(strtok.o)
 .debug_info    0x0005dfd4      0x2ab c:/program files/microchip/xc32/v4.20/bin/bin/../../lib/gcc/pic32c/8.3.1/../../../../pic32c/lib/thumb/v7e-m+fp/hard\libc-musl.a(__environ.o)
 .debug_info    0x0005e27f      0x849 c:/program files/microchip/xc32/v4.20/bin/bin/../../lib/gcc/pic32c/8.3.1/../../../../pic32c/lib/thumb/v7e-m+fp/hard\libc-musl.a(intscan.o)
 .debug_info    0x0005eac8      0x640 c:/program files/microchip/xc32/v4.20/bin/bin/../../lib/gcc/pic32c/8.3.1/../../../../pic32c/lib/thumb/v7e-m+fp/hard\libc-musl.a(shgetc.o)
 .debug_info    0x0005f108      0x611 c:/program files/microchip/xc32/v4.20/bin/bin/../../lib/gcc/pic32c/8.3.1/../../../../pic32c/lib/thumb/v7e-m+fp/hard\libc-musl.a(__uflow.o)
 .debug_info    0x0005f719      0x6be c:/program files/microchip/xc32/v4.20/bin/bin/../../lib/gcc/pic32c/8.3.1/../../../../pic32c/lib/thumb/v7e-m+fp/hard\libc-musl.a(vfprintf.o)
 .debug_info    0x0005fdd7      0x2b4 c:/program files/microchip/xc32/v4.20/bin/bin/../../lib/gcc/pic32c/8.3.1/../../../../pic32c/lib/thumb/v7e-m+fp/hard\libc-musl.a(stpcpy.o)
 .debug_info    0x0006008b      0x2f0 c:/program files/microchip/xc32/v4.20/bin/bin/../../lib/gcc/pic32c/8.3.1/../../../../pic32c/lib/thumb/v7e-m+fp/hard\libc-musl.a(stpncpy.o)
 .debug_info    0x0006037b      0x317 c:/program files/microchip/xc32/v4.20/bin/bin/../../lib/gcc/pic32c/8.3.1/../../../../pic32c/lib/thumb/v7e-m+fp/hard\libc-musl.a(strcspn.o)
 .debug_info    0x00060692      0x2fc c:/program files/microchip/xc32/v4.20/bin/bin/../../lib/gcc/pic32c/8.3.1/../../../../pic32c/lib/thumb/v7e-m+fp/hard\libc-musl.a(strspn.o)
 .debug_info    0x0006098e      0x62b c:/program files/microchip/xc32/v4.20/bin/bin/../../lib/gcc/pic32c/8.3.1/../../../../pic32c/lib/thumb/v7e-m+fp/hard\libc-musl.a(__toread.o)
 .debug_info    0x00060fb9      0x3d9 c:/program files/microchip/xc32/v4.20/bin/bin/../../lib/gcc/pic32c/8.3.1/../../../../pic32c/lib/thumb/v7e-m+fp/hard\libc-musl.a(__pop_float.o)
 .debug_info    0x00061392      0x3fd c:/program files/microchip/xc32/v4.20/bin/bin/../../lib/gcc/pic32c/8.3.1/../../../../pic32c/lib/thumb/v7e-m+fp/hard\libc-musl.a(__pop_int.o)
 .debug_info    0x0006178f      0x403 c:/program files/microchip/xc32/v4.20/bin/bin/../../lib/gcc/pic32c/8.3.1/../../../../pic32c/lib/thumb/v7e-m+fp/hard\libc-musl.a(__pop_ptr.o)
 .debug_info    0x00061b92      0xd2f c:/program files/microchip/xc32/v4.20/bin/bin/../../lib/gcc/pic32c/8.3.1/../../../../pic32c/lib/thumb/v7e-m+fp/hard\libc-musl.a(__printf_core.o)
 .debug_info    0x000628c1      0x2f7 c:/program files/microchip/xc32/v4.20/bin/bin/../../lib/gcc/pic32c/8.3.1/../../../../pic32c/lib/thumb/v7e-m+fp/hard\libc-musl.a(atoi.o)
 .debug_info    0x00062bb8      0x34f c:/program files/microchip/xc32/v4.20/bin/bin/../../lib/gcc/pic32c/8.3.1/../../../../pic32c/lib/thumb/v7e-m+fp/hard\libc-musl.a(tolower.o)
 .debug_info    0x00062f07      0x903 c:/program files/microchip/xc32/v4.20/bin/bin/../../lib/gcc/pic32c/8.3.1/../../../../pic32c/lib/thumb/v7e-m+fp/hard\libc-musl.a(__fmt_a.o)
 .debug_info    0x0006380a      0x5be c:/program files/microchip/xc32/v4.20/bin/bin/../../lib/gcc/pic32c/8.3.1/../../../../pic32c/lib/thumb/v7e-m+fp/hard\libc-musl.a(__fmt_d.o)
 .debug_info    0x00063dc8      0x947 c:/program files/microchip/xc32/v4.20/bin/bin/../../lib/gcc/pic32c/8.3.1/../../../../pic32c/lib/thumb/v7e-m+fp/hard\libc-musl.a(__fmt_fp.o)
 .debug_info    0x0006470f      0x58f c:/program files/microchip/xc32/v4.20/bin/bin/../../lib/gcc/pic32c/8.3.1/../../../../pic32c/lib/thumb/v7e-m+fp/hard\libc-musl.a(__fmt_o.o)
 .debug_info    0x00064c9e      0x533 c:/program files/microchip/xc32/v4.20/bin/bin/../../lib/gcc/pic32c/8.3.1/../../../../pic32c/lib/thumb/v7e-m+fp/hard\libc-musl.a(__fmt_s.o)
 .debug_info    0x000651d1      0x65c c:/program files/microchip/xc32/v4.20/bin/bin/../../lib/gcc/pic32c/8.3.1/../../../../pic32c/lib/thumb/v7e-m+fp/hard\libc-musl.a(__fmt_u.o)
 .debug_info    0x0006582d      0x5fd c:/program files/microchip/xc32/v4.20/bin/bin/../../lib/gcc/pic32c/8.3.1/../../../../pic32c/lib/thumb/v7e-m+fp/hard\libc-musl.a(__fmt_x.o)
 .debug_info    0x00065e2a      0x34f c:/program files/microchip/xc32/v4.20/bin/bin/../../lib/gcc/pic32c/8.3.1/../../../../pic32c/lib/thumb/v7e-m+fp/hard\libc-musl.a(toupper.o)
 .debug_info    0x00066179       0x26 c:/program files/microchip/xc32/v4.20/bin/bin/../../lib/gcc/pic32c/8.3.1/thumb/v7e-m+fp/hard\libgcc.a(_aeabi_uldivmod.o)
 .debug_info    0x0006619f      0x7be c:/program files/microchip/xc32/v4.20/bin/bin/../../lib/gcc/pic32c/8.3.1/thumb/v7e-m+fp/hard\libgcc.a(_udivmoddi4.o)
 .debug_info    0x0006695d       0x26 c:/program files/microchip/xc32/v4.20/bin/bin/../../lib/gcc/pic32c/8.3.1/thumb/v7e-m+fp/hard\libgcc.a(_dvmd_tls.o)

.debug_abbrev   0x00000000     0xc591
 .debug_abbrev  0x00000000       0x5b build/default/production/_ext/1006906113/phy_ed_end_cb.o
 .debug_abbrev  0x0000005b      0x2ca build/default/production/_ext/1171490990/initialization.o
 .debug_abbrev  0x00000325      0x3b2 build/default/production/_ext/1832805299/sys_console.o
 .debug_abbrev  0x000006d7      0x522 build/default/production/_ext/297566330/app_p2p_phy.o
 .debug_abbrev  0x00000bf9       0x3b build/default/production/_ext/1986646378/plib_evsys.o
 .debug_abbrev  0x00000c34       0xb5 build/default/production/_ext/1171490990/interrupts.o
 .debug_abbrev  0x00000ce9      0x1c3 build/default/production/_ext/1682558732/bmm.o
 .debug_abbrev  0x00000eac      0x107 build/default/production/_ext/60165520/plib_clk.o
 .debug_abbrev  0x00000fb3      0x3a2 build/default/production/_ext/404212886/queue.o
 .debug_abbrev  0x00001355      0x25e build/default/production/_ext/246609638/port.o
 .debug_abbrev  0x000015b3      0x278 build/default/production/_ext/1665200909/heap_4.o
 .debug_abbrev  0x0000182b      0x21d build/default/production/_ext/1865468468/plib_nvic.o
 .debug_abbrev  0x00001a48      0x55c build/default/production/_ext/767817240/app_phy_cmd_processor.o
 .debug_abbrev  0x00001fa4      0x53e build/default/production/_ext/404212886/FreeRTOS_tasks.o
 .debug_abbrev  0x000024e2      0x3c3 build/default/production/_ext/1832805299/sys_console_uart.o
 .debug_abbrev  0x000028a5      0x35a build/default/production/_ext/794496283/pal.o
 .debug_abbrev  0x00002bff      0x1fd build/default/production/_ext/829342655/plib_tc0.o
 .debug_abbrev  0x00002dfc      0x2b6 build/default/production/_ext/637565607/qmm.o
 .debug_abbrev  0x000030b2      0x233 build/default/production/_ext/1881668453/sys_int.o
 .debug_abbrev  0x000032e5       0xef build/default/production/_ext/1000052432/sys_reset.o
 .debug_abbrev  0x000033d4      0x15e build/default/production/_ext/404212886/list.o
 .debug_abbrev  0x00003532       0x77 build/default/production/_ext/1360937237/main.o
 .debug_abbrev  0x000035a9      0x189 build/default/production/_ext/1529399856/osal_freertos_extend.o
 .debug_abbrev  0x00003732      0x15a build/default/production/_ext/1006906113/phy_task.o
 .debug_abbrev  0x0000388c       0xbd build/default/production/_ext/1360937237/app_idle_task.o
 .debug_abbrev  0x00003949      0x15c build/default/production/_ext/1171490990/freertos_hooks.o
 .debug_abbrev  0x00003aa5      0x104 build/default/production/_ext/1865254177/plib_gpio.o
 .debug_abbrev  0x00003ba9      0x110 build/default/production/_ext/1171490990/tasks.o
 .debug_abbrev  0x00003cb9      0x266 build/default/production/_ext/1529399856/osal_freertos.o
 .debug_abbrev  0x00003f1f      0x3cd build/default/production/_ext/60176403/plib_nvm.o
 .debug_abbrev  0x000042ec      0x184 build/default/production/_ext/1360937237/app.o
 .debug_abbrev  0x00004470      0x45c build/default/production/_ext/504274921/plib_sercom0_usart.o
 .debug_abbrev  0x000048cc      0x1db build/default/production/_ext/1171490990/startup_xc32.o
 .debug_abbrev  0x00004aa7      0x5d2 build/default/production/_ext/101884895/sys_time.o
 .debug_abbrev  0x00005079      0x545 build/default/production/_ext/1376093119/sys_command.o
 .debug_abbrev  0x000055be       0x3e build/default/production/_ext/1171490990/exceptions.o
 .debug_abbrev  0x000055fc      0x3d7 ..\src\config\default\lib\lib-ieee802154_phy_pic32cxbz-v1.0.0.a(phy.o)
 .debug_abbrev  0x000059d3      0x310 ..\src\config\default\lib\lib-ieee802154_phy_pic32cxbz-v1.0.0.a(phy_ed.o)
 .debug_abbrev  0x00005ce3      0x4ed ..\src\config\default\lib\lib-ieee802154_phy_pic32cxbz-v1.0.0.a(phy_helper.o)
 .debug_abbrev  0x000061d0      0x4a1 ..\src\config\default\lib\lib-ieee802154_phy_pic32cxbz-v1.0.0.a(phy_init.o)
 .debug_abbrev  0x00006671      0x426 ..\src\config\default\lib\lib-ieee802154_phy_pic32cxbz-v1.0.0.a(phy_irq_handler.o)
 .debug_abbrev  0x00006a97      0x505 ..\src\config\default\lib\lib-ieee802154_phy_pic32cxbz-v1.0.0.a(phy_pib.o)
 .debug_abbrev  0x00006f9c      0x3bd ..\src\config\default\lib\lib-ieee802154_phy_pic32cxbz-v1.0.0.a(phy_pwr_mgmt.o)
 .debug_abbrev  0x00007359      0x364 ..\src\config\default\lib\lib-ieee802154_phy_pic32cxbz-v1.0.0.a(phy_rx.o)
 .debug_abbrev  0x000076bd      0x17d ..\src\config\default\lib\lib-ieee802154_phy_pic32cxbz-v1.0.0.a(phy_rx_enable.o)
 .debug_abbrev  0x0000783a      0x468 ..\src\config\default\lib\lib-ieee802154_phy_pic32cxbz-v1.0.0.a(phy_tx.o)
 .debug_abbrev  0x00007ca2      0x383 ..\src\config\default\lib\lib-ieee802154_phy_pic32cxbz-v1.0.0.a(tfa.o)
 .debug_abbrev  0x00008025      0x28e ..\src\config\default\driver\device_support\pic32cx_bz2_device_support.a(rf_system.o)
 .debug_abbrev  0x000082b3      0x154 ..\src\config\default\driver\device_support\pic32cx_bz2_device_support.a(info_block_plat.o)
 .debug_abbrev  0x00008407      0x2bf ..\src\config\default\driver\device_support\pic32cx_bz2_device_support.a(info_block.o)
 .debug_abbrev  0x000086c6       0xd1 ..\src\config\default\driver\device_support\pic32cx_bz2_device_support.a(pmu_dvr.o)
 .debug_abbrev  0x00008797      0x1b6 ..\src\config\default\driver\device_support\pic32cx_bz2_device_support.a(rf.o)
 .debug_abbrev  0x0000894d      0x504 ..\src\config\default\driver\pds\pds.a(wlPdsDataServer.o)
 .debug_abbrev  0x00008e51      0x1dd ..\src\config\default\driver\pds\pds.a(wlPdsInit.o)
 .debug_abbrev  0x0000902e      0x2b6 ..\src\config\default\driver\pds\pds.a(D_Nv.o)
 .debug_abbrev  0x000092e4      0x4c4 ..\src\config\default\driver\pds\pds.a(S_Nv-Chimera.o)
 .debug_abbrev  0x000097a8       0x2b c:/program files/microchip/xc32/v4.20/bin/bin/../../lib/gcc/pic32c/8.3.1/../../../../pic32c/lib/thumb/v7e-m+fp/hard\libpic32c.a(data_init_wrapper.o)
 .debug_abbrev  0x000097d3       0x2e c:/program files/microchip/xc32/v4.20/bin/bin/../../lib/gcc/pic32c/8.3.1/../../../../pic32c/lib/thumb/v7e-m+fp/hard\libpic32c.a(data_init_0_1.o)
 .debug_abbrev  0x00009801      0x117 c:/program files/microchip/xc32/v4.20/bin/bin/../../lib/gcc/pic32c/8.3.1/../../../../pic32c/lib/thumb/v7e-m+fp/hard\libc-musl.a(__libc_start_main.o)
 .debug_abbrev  0x00009918       0x2e c:/program files/microchip/xc32/v4.20/bin/bin/../../lib/gcc/pic32c/8.3.1/../../../../pic32c/lib/thumb/v7e-m+fp/hard\libc-musl.a(__errno_location.o)
 .debug_abbrev  0x00009946       0xb8 c:/program files/microchip/xc32/v4.20/bin/bin/../../lib/gcc/pic32c/8.3.1/../../../../pic32c/lib/thumb/v7e-m+fp/hard\libc-musl.a(libc.o)
 .debug_abbrev  0x000099fe      0x413 c:/program files/microchip/xc32/v4.20/bin/bin/../../lib/gcc/pic32c/8.3.1/../../../../pic32c/lib/thumb/v7e-m+fp/hard\libc-musl.a(malloc.o)
 .debug_abbrev  0x00009e11       0x8b c:/program files/microchip/xc32/v4.20/bin/bin/../../lib/gcc/pic32c/8.3.1/../../../../pic32c/lib/thumb/v7e-m+fp/hard\libc-musl.a(rand.o)
 .debug_abbrev  0x00009e9c      0x168 c:/program files/microchip/xc32/v4.20/bin/bin/../../lib/gcc/pic32c/8.3.1/../../../../pic32c/lib/thumb/v7e-m+fp/hard\libc-musl.a(vsnprintf.o)
 .debug_abbrev  0x0000a004       0xfb c:/program files/microchip/xc32/v4.20/bin/bin/../../lib/gcc/pic32c/8.3.1/../../../../pic32c/lib/thumb/v7e-m+fp/hard\libc-musl.a(sprintf.o)
 .debug_abbrev  0x0000a0ff       0xc3 c:/program files/microchip/xc32/v4.20/bin/bin/../../lib/gcc/pic32c/8.3.1/../../../../pic32c/lib/thumb/v7e-m+fp/hard\libc-musl.a(vsprintf.o)
 .debug_abbrev  0x0000a1c2      0x1c7 c:/program files/microchip/xc32/v4.20/bin/bin/../../lib/gcc/pic32c/8.3.1/../../../../pic32c/lib/thumb/v7e-m+fp/hard\libc-musl.a(strtol.o)
 .debug_abbrev  0x0000a389       0x8b c:/program files/microchip/xc32/v4.20/bin/bin/../../lib/gcc/pic32c/8.3.1/../../../../pic32c/lib/thumb/v7e-m+fp/hard\libc-musl.a(memcmp.o)
 .debug_abbrev  0x0000a414       0x9c c:/program files/microchip/xc32/v4.20/bin/bin/../../lib/gcc/pic32c/8.3.1/../../../../pic32c/lib/thumb/v7e-m+fp/hard\libc-musl.a(memcpy.o)
 .debug_abbrev  0x0000a4b0       0x97 c:/program files/microchip/xc32/v4.20/bin/bin/../../lib/gcc/pic32c/8.3.1/../../../../pic32c/lib/thumb/v7e-m+fp/hard\libc-musl.a(memset.o)
 .debug_abbrev  0x0000a547       0x86 c:/program files/microchip/xc32/v4.20/bin/bin/../../lib/gcc/pic32c/8.3.1/../../../../pic32c/lib/thumb/v7e-m+fp/hard\libc-musl.a(strlen.o)
 .debug_abbrev  0x0000a5cd       0xa2 c:/program files/microchip/xc32/v4.20/bin/bin/../../lib/gcc/pic32c/8.3.1/../../../../pic32c/lib/thumb/v7e-m+fp/hard\libc-musl.a(strchr.o)
 .debug_abbrev  0x0000a66f       0xa5 c:/program files/microchip/xc32/v4.20/bin/bin/../../lib/gcc/pic32c/8.3.1/../../../../pic32c/lib/thumb/v7e-m+fp/hard\libc-musl.a(strchrnul.o)
 .debug_abbrev  0x0000a714       0x63 c:/program files/microchip/xc32/v4.20/bin/bin/../../lib/gcc/pic32c/8.3.1/../../../../pic32c/lib/thumb/v7e-m+fp/hard\libc-musl.a(strcmp.o)
 .debug_abbrev  0x0000a777       0x8e c:/program files/microchip/xc32/v4.20/bin/bin/../../lib/gcc/pic32c/8.3.1/../../../../pic32c/lib/thumb/v7e-m+fp/hard\libc-musl.a(strcpy.o)
 .debug_abbrev  0x0000a805       0x86 c:/program files/microchip/xc32/v4.20/bin/bin/../../lib/gcc/pic32c/8.3.1/../../../../pic32c/lib/thumb/v7e-m+fp/hard\libc-musl.a(strncmp.o)
 .debug_abbrev  0x0000a88b       0x9d c:/program files/microchip/xc32/v4.20/bin/bin/../../lib/gcc/pic32c/8.3.1/../../../../pic32c/lib/thumb/v7e-m+fp/hard\libc-musl.a(strncpy.o)
 .debug_abbrev  0x0000a928       0xac c:/program files/microchip/xc32/v4.20/bin/bin/../../lib/gcc/pic32c/8.3.1/../../../../pic32c/lib/thumb/v7e-m+fp/hard\libc-musl.a(strtok.o)
 .debug_abbrev  0x0000a9d4       0x57 c:/program files/microchip/xc32/v4.20/bin/bin/../../lib/gcc/pic32c/8.3.1/../../../../pic32c/lib/thumb/v7e-m+fp/hard\libc-musl.a(__environ.o)
 .debug_abbrev  0x0000aa2b      0x1cb c:/program files/microchip/xc32/v4.20/bin/bin/../../lib/gcc/pic32c/8.3.1/../../../../pic32c/lib/thumb/v7e-m+fp/hard\libc-musl.a(intscan.o)
 .debug_abbrev  0x0000abf6      0x14a c:/program files/microchip/xc32/v4.20/bin/bin/../../lib/gcc/pic32c/8.3.1/../../../../pic32c/lib/thumb/v7e-m+fp/hard\libc-musl.a(shgetc.o)
 .debug_abbrev  0x0000ad40      0x125 c:/program files/microchip/xc32/v4.20/bin/bin/../../lib/gcc/pic32c/8.3.1/../../../../pic32c/lib/thumb/v7e-m+fp/hard\libc-musl.a(__uflow.o)
 .debug_abbrev  0x0000ae65      0x16d c:/program files/microchip/xc32/v4.20/bin/bin/../../lib/gcc/pic32c/8.3.1/../../../../pic32c/lib/thumb/v7e-m+fp/hard\libc-musl.a(vfprintf.o)
 .debug_abbrev  0x0000afd2       0x63 c:/program files/microchip/xc32/v4.20/bin/bin/../../lib/gcc/pic32c/8.3.1/../../../../pic32c/lib/thumb/v7e-m+fp/hard\libc-musl.a(stpcpy.o)
 .debug_abbrev  0x0000b035       0x86 c:/program files/microchip/xc32/v4.20/bin/bin/../../lib/gcc/pic32c/8.3.1/../../../../pic32c/lib/thumb/v7e-m+fp/hard\libc-musl.a(stpncpy.o)
 .debug_abbrev  0x0000b0bb       0xf5 c:/program files/microchip/xc32/v4.20/bin/bin/../../lib/gcc/pic32c/8.3.1/../../../../pic32c/lib/thumb/v7e-m+fp/hard\libc-musl.a(strcspn.o)
 .debug_abbrev  0x0000b1b0       0xd2 c:/program files/microchip/xc32/v4.20/bin/bin/../../lib/gcc/pic32c/8.3.1/../../../../pic32c/lib/thumb/v7e-m+fp/hard\libc-musl.a(strspn.o)
 .debug_abbrev  0x0000b282      0x12f c:/program files/microchip/xc32/v4.20/bin/bin/../../lib/gcc/pic32c/8.3.1/../../../../pic32c/lib/thumb/v7e-m+fp/hard\libc-musl.a(__toread.o)
 .debug_abbrev  0x0000b3b1       0xbd c:/program files/microchip/xc32/v4.20/bin/bin/../../lib/gcc/pic32c/8.3.1/../../../../pic32c/lib/thumb/v7e-m+fp/hard\libc-musl.a(__pop_float.o)
 .debug_abbrev  0x0000b46e       0xbd c:/program files/microchip/xc32/v4.20/bin/bin/../../lib/gcc/pic32c/8.3.1/../../../../pic32c/lib/thumb/v7e-m+fp/hard\libc-musl.a(__pop_int.o)
 .debug_abbrev  0x0000b52b       0xce c:/program files/microchip/xc32/v4.20/bin/bin/../../lib/gcc/pic32c/8.3.1/../../../../pic32c/lib/thumb/v7e-m+fp/hard\libc-musl.a(__pop_ptr.o)
 .debug_abbrev  0x0000b5f9      0x2c5 c:/program files/microchip/xc32/v4.20/bin/bin/../../lib/gcc/pic32c/8.3.1/../../../../pic32c/lib/thumb/v7e-m+fp/hard\libc-musl.a(__printf_core.o)
 .debug_abbrev  0x0000b8be       0xbb c:/program files/microchip/xc32/v4.20/bin/bin/../../lib/gcc/pic32c/8.3.1/../../../../pic32c/lib/thumb/v7e-m+fp/hard\libc-musl.a(atoi.o)
 .debug_abbrev  0x0000b979       0xfd c:/program files/microchip/xc32/v4.20/bin/bin/../../lib/gcc/pic32c/8.3.1/../../../../pic32c/lib/thumb/v7e-m+fp/hard\libc-musl.a(tolower.o)
 .debug_abbrev  0x0000ba76      0x194 c:/program files/microchip/xc32/v4.20/bin/bin/../../lib/gcc/pic32c/8.3.1/../../../../pic32c/lib/thumb/v7e-m+fp/hard\libc-musl.a(__fmt_a.o)
 .debug_abbrev  0x0000bc0a      0x120 c:/program files/microchip/xc32/v4.20/bin/bin/../../lib/gcc/pic32c/8.3.1/../../../../pic32c/lib/thumb/v7e-m+fp/hard\libc-musl.a(__fmt_d.o)
 .debug_abbrev  0x0000bd2a      0x1b3 c:/program files/microchip/xc32/v4.20/bin/bin/../../lib/gcc/pic32c/8.3.1/../../../../pic32c/lib/thumb/v7e-m+fp/hard\libc-musl.a(__fmt_fp.o)
 .debug_abbrev  0x0000bedd      0x120 c:/program files/microchip/xc32/v4.20/bin/bin/../../lib/gcc/pic32c/8.3.1/../../../../pic32c/lib/thumb/v7e-m+fp/hard\libc-musl.a(__fmt_o.o)
 .debug_abbrev  0x0000bffd      0x10b c:/program files/microchip/xc32/v4.20/bin/bin/../../lib/gcc/pic32c/8.3.1/../../../../pic32c/lib/thumb/v7e-m+fp/hard\libc-musl.a(__fmt_s.o)
 .debug_abbrev  0x0000c108      0x163 c:/program files/microchip/xc32/v4.20/bin/bin/../../lib/gcc/pic32c/8.3.1/../../../../pic32c/lib/thumb/v7e-m+fp/hard\libc-musl.a(__fmt_u.o)
 .debug_abbrev  0x0000c26b      0x10f c:/program files/microchip/xc32/v4.20/bin/bin/../../lib/gcc/pic32c/8.3.1/../../../../pic32c/lib/thumb/v7e-m+fp/hard\libc-musl.a(__fmt_x.o)
 .debug_abbrev  0x0000c37a       0xfd c:/program files/microchip/xc32/v4.20/bin/bin/../../lib/gcc/pic32c/8.3.1/../../../../pic32c/lib/thumb/v7e-m+fp/hard\libc-musl.a(toupper.o)
 .debug_abbrev  0x0000c477       0x14 c:/program files/microchip/xc32/v4.20/bin/bin/../../lib/gcc/pic32c/8.3.1/thumb/v7e-m+fp/hard\libgcc.a(_aeabi_uldivmod.o)
 .debug_abbrev  0x0000c48b       0xf2 c:/program files/microchip/xc32/v4.20/bin/bin/../../lib/gcc/pic32c/8.3.1/thumb/v7e-m+fp/hard\libgcc.a(_udivmoddi4.o)
 .debug_abbrev  0x0000c57d       0x14 c:/program files/microchip/xc32/v4.20/bin/bin/../../lib/gcc/pic32c/8.3.1/thumb/v7e-m+fp/hard\libgcc.a(_dvmd_tls.o)

.debug_aranges  0x00000000     0x1c00
 .debug_aranges
                0x00000000       0x20 build/default/production/_ext/1006906113/phy_ed_end_cb.o
 .debug_aranges
                0x00000020       0x28 build/default/production/_ext/1171490990/initialization.o
 .debug_aranges
                0x00000048       0x88 build/default/production/_ext/1832805299/sys_console.o
 .debug_aranges
                0x000000d0       0xd8 build/default/production/_ext/297566330/app_p2p_phy.o
 .debug_aranges
                0x000001a8       0x20 build/default/production/_ext/1986646378/plib_evsys.o
 .debug_aranges
                0x000001c8       0x20 build/default/production/_ext/1171490990/interrupts.o
 .debug_aranges
                0x000001e8       0x30 build/default/production/_ext/1682558732/bmm.o
 .debug_aranges
                0x00000218       0x20 build/default/production/_ext/60165520/plib_clk.o
 .debug_aranges
                0x00000238       0xf0 build/default/production/_ext/404212886/queue.o
 .debug_aranges
                0x00000328       0x78 build/default/production/_ext/246609638/port.o
 .debug_aranges
                0x000003a0       0x50 build/default/production/_ext/1665200909/heap_4.o
 .debug_aranges
                0x000003f0       0x38 build/default/production/_ext/1865468468/plib_nvic.o
 .debug_aranges
                0x00000428      0x248 build/default/production/_ext/767817240/app_phy_cmd_processor.o
 .debug_aranges
                0x00000670      0x180 build/default/production/_ext/404212886/FreeRTOS_tasks.o
 .debug_aranges
                0x000007f0       0x68 build/default/production/_ext/1832805299/sys_console_uart.o
 .debug_aranges
                0x00000858       0x58 build/default/production/_ext/794496283/pal.o
 .debug_aranges
                0x000008b0       0x78 build/default/production/_ext/829342655/plib_tc0.o
 .debug_aranges
                0x00000928       0x48 build/default/production/_ext/637565607/qmm.o
 .debug_aranges
                0x00000970       0x40 build/default/production/_ext/1881668453/sys_int.o
 .debug_aranges
                0x000009b0       0x20 build/default/production/_ext/1000052432/sys_reset.o
 .debug_aranges
                0x000009d0       0x40 build/default/production/_ext/404212886/list.o
 .debug_aranges
                0x00000a10       0x20 build/default/production/_ext/1360937237/main.o
 .debug_aranges
                0x00000a30       0x58 build/default/production/_ext/1529399856/osal_freertos_extend.o
 .debug_aranges
                0x00000a88       0x28 build/default/production/_ext/1006906113/phy_task.o
 .debug_aranges
                0x00000ab0       0x20 build/default/production/_ext/1360937237/app_idle_task.o
 .debug_aranges
                0x00000ad0       0x40 build/default/production/_ext/1171490990/freertos_hooks.o
 .debug_aranges
                0x00000b10       0x60 build/default/production/_ext/1865254177/plib_gpio.o
 .debug_aranges
                0x00000b70       0x38 build/default/production/_ext/1171490990/tasks.o
 .debug_aranges
                0x00000ba8       0x80 build/default/production/_ext/1529399856/osal_freertos.o
 .debug_aranges
                0x00000c28       0x88 build/default/production/_ext/60176403/plib_nvm.o
 .debug_aranges
                0x00000cb0       0x28 build/default/production/_ext/1360937237/app.o
 .debug_aranges
                0x00000cd8       0xb8 build/default/production/_ext/504274921/plib_sercom0_usart.o
 .debug_aranges
                0x00000d90       0x28 build/default/production/_ext/1171490990/startup_xc32.o
 .debug_aranges
                0x00000db8      0x120 build/default/production/_ext/101884895/sys_time.o
 .debug_aranges
                0x00000ed8       0xd8 build/default/production/_ext/1376093119/sys_command.o
 .debug_aranges
                0x00000fb0       0x48 build/default/production/_ext/1171490990/exceptions.o
 .debug_aranges
                0x00000ff8       0x70 ..\src\config\default\lib\lib-ieee802154_phy_pic32cxbz-v1.0.0.a(phy.o)
 .debug_aranges
                0x00001068       0x38 ..\src\config\default\lib\lib-ieee802154_phy_pic32cxbz-v1.0.0.a(phy_ed.o)
 .debug_aranges
                0x000010a0       0xa0 ..\src\config\default\lib\lib-ieee802154_phy_pic32cxbz-v1.0.0.a(phy_helper.o)
 .debug_aranges
                0x00001140       0x70 ..\src\config\default\lib\lib-ieee802154_phy_pic32cxbz-v1.0.0.a(phy_init.o)
 .debug_aranges
                0x000011b0       0x58 ..\src\config\default\lib\lib-ieee802154_phy_pic32cxbz-v1.0.0.a(phy_irq_handler.o)
 .debug_aranges
                0x00001208       0x60 ..\src\config\default\lib\lib-ieee802154_phy_pic32cxbz-v1.0.0.a(phy_pib.o)
 .debug_aranges
                0x00001268       0x50 ..\src\config\default\lib\lib-ieee802154_phy_pic32cxbz-v1.0.0.a(phy_pwr_mgmt.o)
 .debug_aranges
                0x000012b8       0x58 ..\src\config\default\lib\lib-ieee802154_phy_pic32cxbz-v1.0.0.a(phy_rx.o)
 .debug_aranges
                0x00001310       0x20 ..\src\config\default\lib\lib-ieee802154_phy_pic32cxbz-v1.0.0.a(phy_rx_enable.o)
 .debug_aranges
                0x00001330       0x68 ..\src\config\default\lib\lib-ieee802154_phy_pic32cxbz-v1.0.0.a(phy_tx.o)
 .debug_aranges
                0x00001398       0x50 ..\src\config\default\lib\lib-ieee802154_phy_pic32cxbz-v1.0.0.a(tfa.o)
 .debug_aranges
                0x000013e8       0x20 ..\src\config\default\driver\device_support\pic32cx_bz2_device_support.a(rf_system.o)
 .debug_aranges
                0x00001408       0x20 ..\src\config\default\driver\device_support\pic32cx_bz2_device_support.a(info_block_plat.o)
 .debug_aranges
                0x00001428       0x20 ..\src\config\default\driver\device_support\pic32cx_bz2_device_support.a(info_block.o)
 .debug_aranges
                0x00001448       0x20 ..\src\config\default\driver\device_support\pic32cx_bz2_device_support.a(pmu_dvr.o)
 .debug_aranges
                0x00001468       0x20 ..\src\config\default\driver\device_support\pic32cx_bz2_device_support.a(rf.o)
 .debug_aranges
                0x00001488       0x20 ..\src\config\default\driver\pds\pds.a(wlPdsDataServer.o)
 .debug_aranges
                0x000014a8       0x20 ..\src\config\default\driver\pds\pds.a(wlPdsInit.o)
 .debug_aranges
                0x000014c8       0x20 ..\src\config\default\driver\pds\pds.a(D_Nv.o)
 .debug_aranges
                0x000014e8       0x20 ..\src\config\default\driver\pds\pds.a(S_Nv-Chimera.o)
 .debug_aranges
                0x00001508       0x20 c:/program files/microchip/xc32/v4.20/bin/bin/../../lib/gcc/pic32c/8.3.1/../../../../pic32c/lib/thumb/v7e-m+fp/hard\libpic32c.a(data_init_wrapper.o)
 .debug_aranges
                0x00001528       0x20 c:/program files/microchip/xc32/v4.20/bin/bin/../../lib/gcc/pic32c/8.3.1/../../../../pic32c/lib/thumb/v7e-m+fp/hard\libpic32c.a(data_init_0_1.o)
 .debug_aranges
                0x00001548       0x28 c:/program files/microchip/xc32/v4.20/bin/bin/../../lib/gcc/pic32c/8.3.1/../../../../pic32c/lib/thumb/v7e-m+fp/hard\libc-musl.a(__libc_start_main.o)
 .debug_aranges
                0x00001570       0x18 c:/program files/microchip/xc32/v4.20/bin/bin/../../lib/gcc/pic32c/8.3.1/../../../../pic32c/lib/thumb/v7e-m+fp/hard\libc-musl.a(__errno_location.o)
 .debug_aranges
                0x00001588       0x18 c:/program files/microchip/xc32/v4.20/bin/bin/../../lib/gcc/pic32c/8.3.1/../../../../pic32c/lib/thumb/v7e-m+fp/hard\libc-musl.a(libc.o)
 .debug_aranges
                0x000015a0       0x70 c:/program files/microchip/xc32/v4.20/bin/bin/../../lib/gcc/pic32c/8.3.1/../../../../pic32c/lib/thumb/v7e-m+fp/hard\libc-musl.a(malloc.o)
 .debug_aranges
                0x00001610       0x28 c:/program files/microchip/xc32/v4.20/bin/bin/../../lib/gcc/pic32c/8.3.1/../../../../pic32c/lib/thumb/v7e-m+fp/hard\libc-musl.a(rand.o)
 .debug_aranges
                0x00001638       0x20 c:/program files/microchip/xc32/v4.20/bin/bin/../../lib/gcc/pic32c/8.3.1/../../../../pic32c/lib/thumb/v7e-m+fp/hard\libc-musl.a(vsnprintf.o)
 .debug_aranges
                0x00001658       0x20 c:/program files/microchip/xc32/v4.20/bin/bin/../../lib/gcc/pic32c/8.3.1/../../../../pic32c/lib/thumb/v7e-m+fp/hard\libc-musl.a(sprintf.o)
 .debug_aranges
                0x00001678       0x20 c:/program files/microchip/xc32/v4.20/bin/bin/../../lib/gcc/pic32c/8.3.1/../../../../pic32c/lib/thumb/v7e-m+fp/hard\libc-musl.a(vsprintf.o)
 .debug_aranges
                0x00001698       0x50 c:/program files/microchip/xc32/v4.20/bin/bin/../../lib/gcc/pic32c/8.3.1/../../../../pic32c/lib/thumb/v7e-m+fp/hard\libc-musl.a(strtol.o)
 .debug_aranges
                0x000016e8       0x20 c:/program files/microchip/xc32/v4.20/bin/bin/../../lib/gcc/pic32c/8.3.1/../../../../pic32c/lib/thumb/v7e-m+fp/hard\libc-musl.a(memcmp.o)
 .debug_aranges
                0x00001708       0x20 c:/program files/microchip/xc32/v4.20/bin/bin/../../lib/gcc/pic32c/8.3.1/../../../../pic32c/lib/thumb/v7e-m+fp/hard\libc-musl.a(memcpy.o)
 .debug_aranges
                0x00001728       0x20 c:/program files/microchip/xc32/v4.20/bin/bin/../../lib/gcc/pic32c/8.3.1/../../../../pic32c/lib/thumb/v7e-m+fp/hard\libc-musl.a(memset.o)
 .debug_aranges
                0x00001748       0x20 c:/program files/microchip/xc32/v4.20/bin/bin/../../lib/gcc/pic32c/8.3.1/../../../../pic32c/lib/thumb/v7e-m+fp/hard\libc-musl.a(strlen.o)
 .debug_aranges
                0x00001768       0x20 c:/program files/microchip/xc32/v4.20/bin/bin/../../lib/gcc/pic32c/8.3.1/../../../../pic32c/lib/thumb/v7e-m+fp/hard\libc-musl.a(strchr.o)
 .debug_aranges
                0x00001788       0x20 c:/program files/microchip/xc32/v4.20/bin/bin/../../lib/gcc/pic32c/8.3.1/../../../../pic32c/lib/thumb/v7e-m+fp/hard\libc-musl.a(strchrnul.o)
 .debug_aranges
                0x000017a8       0x20 c:/program files/microchip/xc32/v4.20/bin/bin/../../lib/gcc/pic32c/8.3.1/../../../../pic32c/lib/thumb/v7e-m+fp/hard\libc-musl.a(strcmp.o)
 .debug_aranges
                0x000017c8       0x20 c:/program files/microchip/xc32/v4.20/bin/bin/../../lib/gcc/pic32c/8.3.1/../../../../pic32c/lib/thumb/v7e-m+fp/hard\libc-musl.a(strcpy.o)
 .debug_aranges
                0x000017e8       0x20 c:/program files/microchip/xc32/v4.20/bin/bin/../../lib/gcc/pic32c/8.3.1/../../../../pic32c/lib/thumb/v7e-m+fp/hard\libc-musl.a(strncmp.o)
 .debug_aranges
                0x00001808       0x20 c:/program files/microchip/xc32/v4.20/bin/bin/../../lib/gcc/pic32c/8.3.1/../../../../pic32c/lib/thumb/v7e-m+fp/hard\libc-musl.a(strncpy.o)
 .debug_aranges
                0x00001828       0x20 c:/program files/microchip/xc32/v4.20/bin/bin/../../lib/gcc/pic32c/8.3.1/../../../../pic32c/lib/thumb/v7e-m+fp/hard\libc-musl.a(strtok.o)
 .debug_aranges
                0x00001848       0x18 c:/program files/microchip/xc32/v4.20/bin/bin/../../lib/gcc/pic32c/8.3.1/../../../../pic32c/lib/thumb/v7e-m+fp/hard\libc-musl.a(__environ.o)
 .debug_aranges
                0x00001860       0x20 c:/program files/microchip/xc32/v4.20/bin/bin/../../lib/gcc/pic32c/8.3.1/../../../../pic32c/lib/thumb/v7e-m+fp/hard\libc-musl.a(intscan.o)
 .debug_aranges
                0x00001880       0x28 c:/program files/microchip/xc32/v4.20/bin/bin/../../lib/gcc/pic32c/8.3.1/../../../../pic32c/lib/thumb/v7e-m+fp/hard\libc-musl.a(shgetc.o)
 .debug_aranges
                0x000018a8       0x20 c:/program files/microchip/xc32/v4.20/bin/bin/../../lib/gcc/pic32c/8.3.1/../../../../pic32c/lib/thumb/v7e-m+fp/hard\libc-musl.a(__uflow.o)
 .debug_aranges
                0x000018c8       0x28 c:/program files/microchip/xc32/v4.20/bin/bin/../../lib/gcc/pic32c/8.3.1/../../../../pic32c/lib/thumb/v7e-m+fp/hard\libc-musl.a(vfprintf.o)
 .debug_aranges
                0x000018f0       0x20 c:/program files/microchip/xc32/v4.20/bin/bin/../../lib/gcc/pic32c/8.3.1/../../../../pic32c/lib/thumb/v7e-m+fp/hard\libc-musl.a(stpcpy.o)
 .debug_aranges
                0x00001910       0x20 c:/program files/microchip/xc32/v4.20/bin/bin/../../lib/gcc/pic32c/8.3.1/../../../../pic32c/lib/thumb/v7e-m+fp/hard\libc-musl.a(stpncpy.o)
 .debug_aranges
                0x00001930       0x20 c:/program files/microchip/xc32/v4.20/bin/bin/../../lib/gcc/pic32c/8.3.1/../../../../pic32c/lib/thumb/v7e-m+fp/hard\libc-musl.a(strcspn.o)
 .debug_aranges
                0x00001950       0x20 c:/program files/microchip/xc32/v4.20/bin/bin/../../lib/gcc/pic32c/8.3.1/../../../../pic32c/lib/thumb/v7e-m+fp/hard\libc-musl.a(strspn.o)
 .debug_aranges
                0x00001970       0x28 c:/program files/microchip/xc32/v4.20/bin/bin/../../lib/gcc/pic32c/8.3.1/../../../../pic32c/lib/thumb/v7e-m+fp/hard\libc-musl.a(__toread.o)
 .debug_aranges
                0x00001998       0x20 c:/program files/microchip/xc32/v4.20/bin/bin/../../lib/gcc/pic32c/8.3.1/../../../../pic32c/lib/thumb/v7e-m+fp/hard\libc-musl.a(__pop_float.o)
 .debug_aranges
                0x000019b8       0x20 c:/program files/microchip/xc32/v4.20/bin/bin/../../lib/gcc/pic32c/8.3.1/../../../../pic32c/lib/thumb/v7e-m+fp/hard\libc-musl.a(__pop_int.o)
 .debug_aranges
                0x000019d8       0x20 c:/program files/microchip/xc32/v4.20/bin/bin/../../lib/gcc/pic32c/8.3.1/../../../../pic32c/lib/thumb/v7e-m+fp/hard\libc-musl.a(__pop_ptr.o)
 .debug_aranges
                0x000019f8       0x50 c:/program files/microchip/xc32/v4.20/bin/bin/../../lib/gcc/pic32c/8.3.1/../../../../pic32c/lib/thumb/v7e-m+fp/hard\libc-musl.a(__printf_core.o)
 .debug_aranges
                0x00001a48       0x20 c:/program files/microchip/xc32/v4.20/bin/bin/../../lib/gcc/pic32c/8.3.1/../../../../pic32c/lib/thumb/v7e-m+fp/hard\libc-musl.a(atoi.o)
 .debug_aranges
                0x00001a68       0x28 c:/program files/microchip/xc32/v4.20/bin/bin/../../lib/gcc/pic32c/8.3.1/../../../../pic32c/lib/thumb/v7e-m+fp/hard\libc-musl.a(tolower.o)
 .debug_aranges
                0x00001a90       0x20 c:/program files/microchip/xc32/v4.20/bin/bin/../../lib/gcc/pic32c/8.3.1/../../../../pic32c/lib/thumb/v7e-m+fp/hard\libc-musl.a(__fmt_a.o)
 .debug_aranges
                0x00001ab0       0x20 c:/program files/microchip/xc32/v4.20/bin/bin/../../lib/gcc/pic32c/8.3.1/../../../../pic32c/lib/thumb/v7e-m+fp/hard\libc-musl.a(__fmt_d.o)
 .debug_aranges
                0x00001ad0       0x20 c:/program files/microchip/xc32/v4.20/bin/bin/../../lib/gcc/pic32c/8.3.1/../../../../pic32c/lib/thumb/v7e-m+fp/hard\libc-musl.a(__fmt_fp.o)
 .debug_aranges
                0x00001af0       0x20 c:/program files/microchip/xc32/v4.20/bin/bin/../../lib/gcc/pic32c/8.3.1/../../../../pic32c/lib/thumb/v7e-m+fp/hard\libc-musl.a(__fmt_o.o)
 .debug_aranges
                0x00001b10       0x20 c:/program files/microchip/xc32/v4.20/bin/bin/../../lib/gcc/pic32c/8.3.1/../../../../pic32c/lib/thumb/v7e-m+fp/hard\libc-musl.a(__fmt_s.o)
 .debug_aranges
                0x00001b30       0x28 c:/program files/microchip/xc32/v4.20/bin/bin/../../lib/gcc/pic32c/8.3.1/../../../../pic32c/lib/thumb/v7e-m+fp/hard\libc-musl.a(__fmt_u.o)
 .debug_aranges
                0x00001b58       0x20 c:/program files/microchip/xc32/v4.20/bin/bin/../../lib/gcc/pic32c/8.3.1/../../../../pic32c/lib/thumb/v7e-m+fp/hard\libc-musl.a(__fmt_x.o)
 .debug_aranges
                0x00001b78       0x28 c:/program files/microchip/xc32/v4.20/bin/bin/../../lib/gcc/pic32c/8.3.1/../../../../pic32c/lib/thumb/v7e-m+fp/hard\libc-musl.a(toupper.o)
 .debug_aranges
                0x00001ba0       0x20 c:/program files/microchip/xc32/v4.20/bin/bin/../../lib/gcc/pic32c/8.3.1/thumb/v7e-m+fp/hard\libgcc.a(_aeabi_uldivmod.o)
 .debug_aranges
                0x00001bc0       0x20 c:/program files/microchip/xc32/v4.20/bin/bin/../../lib/gcc/pic32c/8.3.1/thumb/v7e-m+fp/hard\libgcc.a(_udivmoddi4.o)
 .debug_aranges